../CMSIS/core_cm3.h:1215:22:__DSB	4	static,ignoring_inline_asm
../CMSIS/core_cm3.h:1719:22:NVIC_SystemReset	8	static
../BSP/MPU6050/mpu6050.c:21:24:inv_row_2_scale	24	static
../BSP/MPU6050/mpu6050.c:43:24:inv_orientation_matrix_to_scalar	24	static
../BSP/MPU6050/mpu6050.c:55:13:run_self_test	48	static
../BSP/MPU6050/mpu6050.c:98:7:MPU6050_newValues	24	static
../BSP/MPU6050/mpu6050.c:172:6:MPU6050_setClockSource	24	static
../BSP/MPU6050/mpu6050.c:185:6:MPU6050_setFullScaleGyroRange	24	static
../BSP/MPU6050/mpu6050.c:201:6:MPU6050_setFullScaleAccelRange	24	static
../BSP/MPU6050/mpu6050.c:213:6:MPU6050_setSleepEnabled	16	static
../BSP/MPU6050/mpu6050.c:225:9:MPU6050_getDeviceID	8	static
../BSP/MPU6050/mpu6050.c:239:9:MPU6050_testConnection	8	static
../BSP/MPU6050/mpu6050.c:253:6:MPU6050_setI2CMasterModeEnabled	16	static
../BSP/MPU6050/mpu6050.c:265:6:MPU6050_setI2CBypassEnabled	16	static
../BSP/MPU6050/mpu6050.c:277:6:MPU6050_initialize	8	static
../BSP/MPU6050/mpu6050.c:294:6:DMP_Init	16	static
../BSP/MPU6050/mpu6050.c:332:6:Read_DMP	56	static
../BSP/MPU6050/mpu6050.c:359:5:Read_Temperature	24	static
