Archive member included to satisfy reference by file (symbol)

/opt/st/stm32cubeide_2.2.0/plugins/com.st.stm32cube.ide.mcu.externaltools.gnu-tools-for-stm32.14.3.rel1.linux64_1.0.100.202602081740/tools/bin/../lib/gcc/arm-none-eabi/14.3.1/../../../../arm-none-eabi/lib/thumb/v7-m/nofp/libc_nano.a(libc_a-exit.o)
                              /opt/st/stm32cubeide_2.2.0/plugins/com.st.stm32cube.ide.mcu.externaltools.gnu-tools-for-stm32.14.3.rel1.linux64_1.0.100.202602081740/tools/bin/../lib/gcc/arm-none-eabi/14.3.1/../../../../arm-none-eabi/lib/thumb/v7-m/nofp/crt0.o (exit)
/opt/st/stm32cubeide_2.2.0/plugins/com.st.stm32cube.ide.mcu.externaltools.gnu-tools-for-stm32.14.3.rel1.linux64_1.0.100.202602081740/tools/bin/../lib/gcc/arm-none-eabi/14.3.1/../../../../arm-none-eabi/lib/thumb/v7-m/nofp/libc_nano.a(libc_a-nano-vfprintf_float.o)
                              (_printf_float)
/opt/st/stm32cubeide_2.2.0/plugins/com.st.stm32cube.ide.mcu.externaltools.gnu-tools-for-stm32.14.3.rel1.linux64_1.0.100.202602081740/tools/bin/../lib/gcc/arm-none-eabi/14.3.1/../../../../arm-none-eabi/lib/thumb/v7-m/nofp/libc_nano.a(libc_a-nano-vfprintf_i.o)
                              /opt/st/stm32cubeide_2.2.0/plugins/com.st.stm32cube.ide.mcu.externaltools.gnu-tools-for-stm32.14.3.rel1.linux64_1.0.100.202602081740/tools/bin/../lib/gcc/arm-none-eabi/14.3.1/../../../../arm-none-eabi/lib/thumb/v7-m/nofp/libc_nano.a(libc_a-nano-vfprintf_float.o) (_printf_common)
/opt/st/stm32cubeide_2.2.0/plugins/com.st.stm32cube.ide.mcu.externaltools.gnu-tools-for-stm32.14.3.rel1.linux64_1.0.100.202602081740/tools/bin/../lib/gcc/arm-none-eabi/14.3.1/../../../../arm-none-eabi/lib/thumb/v7-m/nofp/libc_nano.a(libc_a-findfp.o)
                              /opt/st/stm32cubeide_2.2.0/plugins/com.st.stm32cube.ide.mcu.externaltools.gnu-tools-for-stm32.14.3.rel1.linux64_1.0.100.202602081740/tools/bin/../lib/gcc/arm-none-eabi/14.3.1/../../../../arm-none-eabi/lib/thumb/v7-m/nofp/libc_nano.a(libc_a-exit.o) (__stdio_exit_handler)
/opt/st/stm32cubeide_2.2.0/plugins/com.st.stm32cube.ide.mcu.externaltools.gnu-tools-for-stm32.14.3.rel1.linux64_1.0.100.202602081740/tools/bin/../lib/gcc/arm-none-eabi/14.3.1/../../../../arm-none-eabi/lib/thumb/v7-m/nofp/libc_nano.a(libc_a-fwalk.o)
                              /opt/st/stm32cubeide_2.2.0/plugins/com.st.stm32cube.ide.mcu.externaltools.gnu-tools-for-stm32.14.3.rel1.linux64_1.0.100.202602081740/tools/bin/../lib/gcc/arm-none-eabi/14.3.1/../../../../arm-none-eabi/lib/thumb/v7-m/nofp/libc_nano.a(libc_a-findfp.o) (_fwalk_sglue)
/opt/st/stm32cubeide_2.2.0/plugins/com.st.stm32cube.ide.mcu.externaltools.gnu-tools-for-stm32.14.3.rel1.linux64_1.0.100.202602081740/tools/bin/../lib/gcc/arm-none-eabi/14.3.1/../../../../arm-none-eabi/lib/thumb/v7-m/nofp/libc_nano.a(libc_a-printf.o)
                              ./APP/KF/KF.o (printf)
/opt/st/stm32cubeide_2.2.0/plugins/com.st.stm32cube.ide.mcu.externaltools.gnu-tools-for-stm32.14.3.rel1.linux64_1.0.100.202602081740/tools/bin/../lib/gcc/arm-none-eabi/14.3.1/../../../../arm-none-eabi/lib/thumb/v7-m/nofp/libc_nano.a(libc_a-puts.o)
                              ./BSP/MPU6050/DMP/inv_mpu.o (puts)
/opt/st/stm32cubeide_2.2.0/plugins/com.st.stm32cube.ide.mcu.externaltools.gnu-tools-for-stm32.14.3.rel1.linux64_1.0.100.202602081740/tools/bin/../lib/gcc/arm-none-eabi/14.3.1/../../../../arm-none-eabi/lib/thumb/v7-m/nofp/libc_nano.a(libc_a-sprintf.o)
                              ./USER/main.o (sprintf)
/opt/st/stm32cubeide_2.2.0/plugins/com.st.stm32cube.ide.mcu.externaltools.gnu-tools-for-stm32.14.3.rel1.linux64_1.0.100.202602081740/tools/bin/../lib/gcc/arm-none-eabi/14.3.1/../../../../arm-none-eabi/lib/thumb/v7-m/nofp/libc_nano.a(libc_a-stdio.o)
                              /opt/st/stm32cubeide_2.2.0/plugins/com.st.stm32cube.ide.mcu.externaltools.gnu-tools-for-stm32.14.3.rel1.linux64_1.0.100.202602081740/tools/bin/../lib/gcc/arm-none-eabi/14.3.1/../../../../arm-none-eabi/lib/thumb/v7-m/nofp/libc_nano.a(libc_a-findfp.o) (__sread)
/opt/st/stm32cubeide_2.2.0/plugins/com.st.stm32cube.ide.mcu.externaltools.gnu-tools-for-stm32.14.3.rel1.linux64_1.0.100.202602081740/tools/bin/../lib/gcc/arm-none-eabi/14.3.1/../../../../arm-none-eabi/lib/thumb/v7-m/nofp/libc_nano.a(libc_a-wbuf.o)
                              /opt/st/stm32cubeide_2.2.0/plugins/com.st.stm32cube.ide.mcu.externaltools.gnu-tools-for-stm32.14.3.rel1.linux64_1.0.100.202602081740/tools/bin/../lib/gcc/arm-none-eabi/14.3.1/../../../../arm-none-eabi/lib/thumb/v7-m/nofp/libc_nano.a(libc_a-puts.o) (__swbuf_r)
/opt/st/stm32cubeide_2.2.0/plugins/com.st.stm32cube.ide.mcu.externaltools.gnu-tools-for-stm32.14.3.rel1.linux64_1.0.100.202602081740/tools/bin/../lib/gcc/arm-none-eabi/14.3.1/../../../../arm-none-eabi/lib/thumb/v7-m/nofp/libc_nano.a(libc_a-wsetup.o)
[...]
Memory Configuration

Name             Origin             Length             Attributes
RAM              0x20000000         0x0000c000         xrw
FLASH            0x08000000         0x00040000         xr
*default*        0x00000000         0xffffffff

Linker script and memory map

LOAD /opt/st/stm32cubeide_2.2.0/plugins/com.st.stm32cube.ide.mcu.externaltools.gnu-tools-for-stm32.14.3.rel1.linux64_1.0.100.202602081740/tools/bin/../lib/gcc/arm-none-eabi/14.3.1/thumb/v7-m/nofp/crti.o
LOAD /opt/st/stm32cubeide_2.2.0/plugins/com.st.stm32cube.ide.mcu.externaltools.gnu-tools-for-stm32.14.3.rel1.linux64_1.0.100.202602081740/tools/bin/../lib/gcc/arm-none-eabi/14.3.1/thumb/v7-m/nofp/crtbegin.o
LOAD /opt/st/stm32cubeide_2.2.0/plugins/com.st.stm32cube.ide.mcu.externaltools.gnu-tools-for-stm32.14.3.rel1.linux64_1.0.100.202602081740/tools/bin/../lib/gcc/arm-none-eabi/14.3.1/../../../../arm-none-eabi/lib/thumb/v7-m/nofp/crt0.o
LOAD ./APP/KF/KF.o
LOAD ./APP/app_control.o
LOAD ./APP/app_motor.o
LOAD ./APP/filter/filter.o
LOAD ./BSP/Battery/bsp_battery.o
LOAD ./BSP/Beep/bsp_beep.o
LOAD ./BSP/Delay/delay.o
LOAD ./BSP/Enconder/encoder.o
LOAD ./BSP/IIC_Software/IOI2C.o
LOAD ./BSP/INT_Sever/intsever.o
LOAD ./BSP/Key/bsp_key.o
LOAD ./BSP/LED/bsp_LED.o
LOAD ./BSP/MPU6050/DMP/inv_mpu.o
LOAD ./BSP/MPU6050/DMP/inv_mpu_dmp_motion_driver.o
LOAD ./BSP/MPU6050/mpu6050.o
LOAD ./BSP/Motor/motor.o
LOAD ./BSP/OLED/bsp_oled.o
LOAD ./BSP/OLED/bsp_oled_i2c.o
LOAD ./BSP/OLED/oled_fonts.o
LOAD ./BSP/Timer/bsp_timer.o
LOAD ./BSP/Usart1/bsp_usart2.o
LOAD ./BSP/Usart1/usart.o
LOAD ./BSP/bsp.o
LOAD ./CMSIS/core_cm3.o
LOAD ./CMSIS/system_stm32f10x.o
LOAD ./Controllers/controller_lqr.o
LOAD ./Controllers/controller_pid.o
LOAD ./Controllers/sac_controller.o
LOAD ./STM32F10x_StdPeriph_Driver/src/misc.o
LOAD ./STM32F10x_StdPeriph_Driver/src/stm32f10x_adc.o
LOAD ./STM32F10x_StdPeriph_Driver/src/stm32f10x_bkp.o
LOAD ./STM32F10x_StdPeriph_Driver/src/stm32f10x_can.o
LOAD ./STM32F10x_StdPeriph_Driver/src/stm32f10x_cec.o
LOAD ./STM32F10x_StdPeriph_Driver/src/stm32f10x_crc.o
LOAD ./STM32F10x_StdPeriph_Driver/src/stm32f10x_dac.o
LOAD ./STM32F10x_StdPeriph_Driver/src/stm32f10x_dbgmcu.o
LOAD ./STM32F10x_StdPeriph_Driver/src/stm32f10x_dma.o
LOAD ./STM32F10x_StdPeriph_Driver/src/stm32f10x_exti.o
LOAD ./STM32F10x_StdPeriph_Driver/src/stm32f10x_flash.o
LOAD ./STM32F10x_StdPeriph_Driver/src/stm32f10x_fsmc.o
LOAD ./STM32F10x_StdPeriph_Driver/src/stm32f10x_gpio.o
LOAD ./STM32F10x_StdPeriph_Driver/src/stm32f10x_i2c.o
LOAD ./STM32F10x_StdPeriph_Driver/src/stm32f10x_iwdg.o
LOAD ./STM32F10x_StdPeriph_Driver/src/stm32f10x_pwr.o
LOAD ./STM32F10x_StdPeriph_Driver/src/stm32f10x_rcc.o
LOAD ./STM32F10x_StdPeriph_Driver/src/stm32f10x_rtc.o
LOAD ./STM32F10x_StdPeriph_Driver/src/stm32f10x_sdio.o
LOAD ./STM32F10x_StdPeriph_Driver/src/stm32f10x_spi.o
LOAD ./STM32F10x_StdPeriph_Driver/src/stm32f10x_tim.o
LOAD ./STM32F10x_StdPeriph_Driver/src/stm32f10x_usart.o
LOAD ./STM32F10x_StdPeriph_Driver/src/stm32f10x_wwdg.o
LOAD ./Startup/startup_stm32f103rctx.o
LOAD ./USER/main.o
LOAD ./USER/stm32f10x_it.o
LOAD ./USER/syscalls.o
LOAD ./USER/sysmem.o
START GROUP
LOAD /opt/st/stm32cubeide_2.2.0/plugins/com.st.stm32cube.ide.mcu.externaltools.gnu-tools-for-stm32.14.3.rel1.linux64_1.0.100.202602081740/tools/bin/../lib/gcc/arm-none-eabi/14.3.1/../../../../arm-none-eabi/lib/thumb/v7-m/nofp/libc_nano.a
LOAD /opt/st/stm32cubeide_2.2.0/plugins/com.st.stm32cube.ide.mcu.externaltools.gnu-tools-for-stm32.14.3.rel1.linux64_1.0.100.202602081740/tools/bin/../lib/gcc/arm-none-eabi/14.3.1/../../../../arm-none-eabi/lib/thumb/v7-m/nofp/libm.a
END GROUP
START GROUP
LOAD /opt/st/stm32cubeide_2.2.0/plugins/com.st.stm32cube.ide.mcu.externaltools.gnu-tools-for-stm32.14.3.rel1.linux64_1.0.100.202602081740/tools/bin/../lib/gcc/arm-none-eabi/14.3.1/thumb/v7-m/nofp/libgcc.a
LOAD /opt/st/stm32cubeide_2.2.0/plugins/com.st.stm32cube.ide.mcu.externaltools.gnu-tools-for-stm32.14.3.rel1.linux64_1.0.100.202602081740/tools/bin/../lib/gcc/arm-none-eabi/14.3.1/../../../../arm-none-eabi/lib/thumb/v7-m/nofp/libc_nano.a
END GROUP
START GROUP
LOAD /opt/st/stm32cubeide_2.2.0/plugins/com.st.stm32cube.ide.mcu.externaltools.gnu-tools-for-stm32.14.3.rel1.linux64_1.0.100.202602081740/tools/bin/../lib/gcc/arm-none-eabi/14.3.1/thumb/v7-m/nofp/libgcc.a
LOAD /opt/st/stm32cubeide_2.2.0/plugins/com.st.stm32cube.ide.mcu.externaltools.gnu-tools-for-stm32.14.3.rel1.linux64_1.0.100.202602081740/tools/bin/../lib/gcc/arm-none-eabi/14.3.1/../../../../arm-none-eabi/lib/thumb/v7-m/nofp/libc_nano.a
LOAD /opt/st/stm32cubeide_2.2.0/plugins/com.st.stm32cube.ide.mcu.externaltools.gnu-tools-for-stm32.14.3.rel1.linux64_1.0.100.202602081740/tools/bin/../lib/gcc/arm-none-eabi/14.3.1/../../../../arm-none-eabi/lib/thumb/v7-m/nofp/libnosys.a
END GROUP
START GROUP
LOAD /opt/st/stm32cubeide_2.2.0/plugins/com.st.stm32cube.ide.mcu.externaltools.gnu-tools-for-stm32.14.3.rel1.linux64_1.0.100.202602081740/tools/bin/../lib/gcc/arm-none-eabi/14.3.1/thumb/v7-m/nofp/libgcc.a
LOAD /opt/st/stm32cubeide_2.2.0/plugins/com.st.stm32cube.ide.mcu.externaltools.gnu-tools-for-stm32.14.3.rel1.linux64_1.0.100.202602081740/tools/bin/../lib/gcc/arm-none-eabi/14.3.1/../../../../arm-none-eabi/lib/thumb/v7-m/nofp/libc_nano.a
LOAD /opt/st/stm32cubeide_2.2.0/plugins/com.st.stm32cube.ide.mcu.externaltools.gnu-tools-for-stm32.14.3.rel1.linux64_1.0.100.202602081740/tools/bin/../lib/gcc/arm-none-eabi/14.3.1/../../../../arm-none-eabi/lib/thumb/v7-m/nofp/libnosys.a
END GROUP
LOAD /opt/st/stm32cubeide_2.2.0/plugins/com.st.stm32cube.ide.mcu.externaltools.gnu-tools-for-stm32.14.3.rel1.linux64_1.0.100.202602081740/tools/bin/../lib/gcc/arm-none-eabi/14.3.1/thumb/v7-m/nofp/crtend.o
LOAD /opt/st/stm32cubeide_2.2.0/plugins/com.st.stm32cube.ide.mcu.externaltools.gnu-tools-for-stm32.14.3.rel1.linux64_1.0.100.202602081740/tools/bin/../lib/gcc/arm-none-eabi/14.3.1/thumb/v7-m/nofp/crtn.o
                0x2000c000                        _estack = (ORIGIN (RAM) + LENGTH (RAM))
                0x00000200                        _Min_Heap_Size = 0x200
                0x00000400                        _Min_Stack_Size = 0x400

.isr_vector     0x08000000      0x130
                0x08000000                        . = ALIGN (0x4)
 *(.isr_vector)
 .isr_vector    0x08000000      0x130 ./Startup/startup_stm32f103rctx.o
                0x08000000                g_pfnVectors
                0x08000130                        . = ALIGN (0x4)

.text           0x08000130     0xdae4
                0x08000130                        . = ALIGN (0x4)
 *(.text)
 .text          0x08000130       0x40 /opt/st/stm32cubeide_2.2.0/plugins/com.st.stm32cube.ide.mcu.externaltools.gnu-tools-for-stm32.14.3.rel1.linux64_1.0.100.202602081740/tools/bin/../lib/gcc/arm-none-eabi/14.3.1/thumb/v7-m/nofp/crtbegin.o
 .text          0x08000170       0x10 /opt/st/stm32cubeide_2.2.0/plugins/com.st.stm32cube.ide.mcu.externaltools.gnu-tools-for-stm32.14.3.rel1.linux64_1.0.100.202602081740/tools/bin/../lib/gcc/arm-none-eabi/14.3.1/../../../../arm-none-eabi/lib/thumb/v7-m/nofp/libc_nano.a(libc_a-strlen.o)
                0x08000170                strlen
 .text          0x08000180      0x378 /opt/st/stm32cubeide_2.2.0/plugins/com.st.stm32cube.ide.mcu.externaltools.gnu-tools-for-stm32.14.3.rel1.linux64_1.0.100.202602081740/tools/bin/../lib/gcc/arm-none-eabi/14.3.1/thumb/v7-m/nofp/libgcc.a(_arm_addsubdf3.o)
                0x08000180                __aeabi_drsub
                0x08000188                __aeabi_dsub
                0x08000188                __subdf3
                0x0800018c                __adddf3
                0x0800018c                __aeabi_dadd
                0x08000404                __aeabi_ui2d
                0x08000404                __floatunsidf
                0x08000424                __floatsidf
                0x08000424                __aeabi_i2d
                0x08000448                __extendsfdf2
                0x08000448                __aeabi_f2d
                0x0800048c                __aeabi_ul2d
                0x0800048c                __floatundidf
                0x0800049c                __floatdidf
                0x0800049c                __aeabi_l2d
 .text          0x080004f8      0x424 /opt/st/stm32cubeide_2.2.0/plugins/com.st.stm32cube.ide.mcu.externaltools.gnu-tools-for-stm32.14.3.rel1.linux64_1.0.100.202602081740/tools/bin/../lib/gcc/arm-none-eabi/14.3.1/thumb/v7-m/nofp/libgcc.a(_arm_muldivdf3.o)
                0x080004f8                __aeabi_dmul
                0x080004f8                __muldf3
                0x0800074c                __aeabi_ddiv
                0x0800074c                __divdf3
 .text          0x0800091c      0x110 /opt/st/stm32cubeide_2.2.0/plugins/com.st.stm32cube.ide.mcu.externaltools.gnu-tools-for-stm32.14.3.rel1.linux64_1.0.100.202602081740/tools/bin/../lib/gcc/arm-none-eabi/14.3.1/thumb/v7-m/nofp/libgcc.a(_arm_cmpdf2.o)
                0x0800091c                __gtdf2
                0x0800091c                __gedf2
                0x08000924                __ltdf2
                0x08000924                __ledf2
                0x0800092c                __cmpdf2
                0x0800092c                __eqdf2
                0x0800092c                __nedf2
                0x080009a8                __aeabi_cdrcmple
                0x080009b8                __aeabi_cdcmple
                0x080009b8                __aeabi_cdcmpeq
                0x080009c8                __aeabi_dcmpeq
                0x080009dc                __aeabi_dcmplt
                0x080009f0                __aeabi_dcmple
                0x08000a04                __aeabi_dcmpge
                0x08000a18                __aeabi_dcmpgt
 .text          0x08000a2c       0x2c /opt/st/stm32cubeide_2.2.0/plugins/com.st.stm32cube.ide.mcu.externaltools.gnu-tools-for-stm32.14.3.rel1.linux64_1.0.100.202602081740/tools/bin/../lib/gcc/arm-none-eabi/14.3.1/thumb/v7-m/nofp/libgcc.a(_arm_unorddf2.o)
                0x08000a2c                __aeabi_dcmpun
                0x08000a2c                __unorddf2
 .text          0x08000a58       0x50 /opt/st/stm32cubeide_2.2.0/plugins/com.st.stm32cube.ide.mcu.externaltools.gnu-tools-for-stm32.14.3.rel1.linux64_1.0.100.202602081740/tools/bin/../lib/gcc/arm-none-eabi/14.3.1/thumb/v7-m/nofp/libgcc.a(_arm_fixdfsi.o)
                0x08000a58                __fixdfsi
                0x08000a58                __aeabi_d2iz
 .text          0x08000aa8       0xa0 /opt/st/stm32cubeide_2.2.0/plugins/com.st.stm32cube.ide.mcu.externaltools.gnu-tools-for-stm32.14.3.rel1.linux64_1.0.100.202602081740/tools/bin/../lib/gcc/arm-none-eabi/14.3.1/thumb/v7-m/nofp/libgcc.a(_arm_truncdfsf2.o)
                0x08000aa8                __aeabi_d2f
                0x08000aa8                __truncdfsf2
 .text          0x08000b48      0x21c /opt/st/stm32cubeide_2.2.0/plugins/com.st.stm32cube.ide.mcu.externaltools.gnu-tools-for-stm32.14.3.rel1.linux64_1.0.100.202602081740/tools/bin/../lib/gcc/arm-none-eabi/14.3.1/thumb/v7-m/nofp/libgcc.a(_arm_addsubsf3.o)
                0x08000b48                __aeabi_frsub
                0x08000b50                __subsf3
                0x08000b50                __aeabi_fsub
                0x08000b54                __aeabi_fadd
                0x08000b54                __addsf3
                0x08000cb4                __aeabi_ui2f
                0x08000cb4                __floatunsisf
                0x08000cbc                __aeabi_i2f
                0x08000cbc                __floatsisf
                0x08000cd8                __floatundisf
                0x08000cd8                __aeabi_ul2f
                0x08000ce8                __floatdisf
                0x08000ce8                __aeabi_l2f
 .text          0x08000d64      0x2a0 /opt/st/stm32cubeide_2.2.0/plugins/com.st.stm32cube.ide.mcu.externaltools.gnu-tools-for-stm32.14.3.rel1.linux64_1.0.100.202602081740/tools/bin/../lib/gcc/arm-none-eabi/14.3.1/thumb/v7-m/nofp/libgcc.a(_arm_muldivsf3.o)
                0x08000d64                __mulsf3
                0x08000d64                __aeabi_fmul
                0x08000ecc                __divsf3
                0x08000ecc                __aeabi_fdiv
 .text          0x08001004       0xec /opt/st/stm32cubeide_2.2.0/plugins/com.st.stm32cube.ide.mcu.externaltools.gnu-tools-for-stm32.14.3.rel1.linux64_1.0.100.202602081740/tools/bin/../lib/gcc/arm-none-eabi/14.3.1/thumb/v7-m/nofp/libgcc.a(_arm_cmpsf2.o)
                0x08001004                __gtsf2
                0x08001004                __gesf2
                0x0800100c                __lesf2
                0x0800100c                __ltsf2
                0x08001014                __nesf2
                0x08001014                __eqsf2
                0x08001014                __cmpsf2
                0x08001074                __aeabi_cfrcmple
                0x0800107c                __aeabi_cfcmple
                0x0800107c                __aeabi_cfcmpeq
                0x0800108c                __aeabi_fcmpeq
                0x080010a0                __aeabi_fcmplt
                0x080010b4                __aeabi_fcmple
                0x080010c8                __aeabi_fcmpge
                0x080010dc                __aeabi_fcmpgt
 .text          0x080010f0       0x4c /opt/st/stm32cubeide_2.2.0/plugins/com.st.stm32cube.ide.mcu.externaltools.gnu-tools-for-stm32.14.3.rel1.linux64_1.0.100.202602081740/tools/bin/../lib/gcc/arm-none-eabi/14.3.1/thumb/v7-m/nofp/libgcc.a(_arm_fixsfsi.o)
                0x080010f0                __fixsfsi
                0x080010f0                __aeabi_f2iz
 .text          0x0800113c       0x40 /opt/st/stm32cubeide_2.2.0/plugins/com.st.stm32cube.ide.mcu.externaltools.gnu-tools-for-stm32.14.3.rel1.linux64_1.0.100.202602081740/tools/bin/../lib/gcc/arm-none-eabi/14.3.1/thumb/v7-m/nofp/libgcc.a(_arm_fixunssfsi.o)
                0x0800113c                __aeabi_f2uiz
                0x0800113c                __fixunssfsi
 .text          0x0800117c       0xa0 /opt/st/stm32cubeide_2.2.0/plugins/com.st.stm32cube.ide.mcu.externaltools.gnu-tools-for-stm32.14.3.rel1.linux64_1.0.100.202602081740/tools/bin/../lib/gcc/arm-none-eabi/14.3.1/thumb/v7-m/nofp/libgcc.a(_aeabi_ldivmod.o)
                0x0800117c                __aeabi_ldivmod
 .text          0x0800121c      0x2f4 /opt/st/stm32cubeide_2.2.0/plugins/com.st.stm32cube.ide.mcu.externaltools.gnu-tools-for-stm32.14.3.rel1.linux64_1.0.100.202602081740/tools/bin/../lib/gcc/arm-none-eabi/14.3.1/thumb/v7-m/nofp/libgcc.a(_udivmoddi4.o)
                0x0800121c                __udivmoddi4
 .text          0x08001510        0x4 /opt/st/stm32cubeide_2.2.0/plugins/com.st.stm32cube.ide.mcu.externaltools.gnu-tools-for-stm32.14.3.rel1.linux64_1.0.100.202602081740/tools/bin/../lib/gcc/arm-none-eabi/14.3.1/thumb/v7-m/nofp/libgcc.a(_dvmd_tls.o)
                0x08001510                __aeabi_ldiv0
                0x08001510                __aeabi_idiv0
 *(.text*)
 .text.KF_X     0x08001514      0x3b4 ./APP/KF/KF.o
                0x08001514                KF_X
 .text.KF_Y     0x080018c8      0x3b4 ./APP/KF/KF.o
                0x080018c8                KF_Y
 .text.mul      0x08001c7c      0x148 ./APP/KF/KF.o
                0x08001c7c                mul
 *fill*         0x08001dc4        0x4 
 .text.EXTI15_10_IRQHandler
                0x08001dc8      0x288 ./APP/app_control.o
                0x08001dc8                EXTI15_10_IRQHandler
 .text.Get_Angle
                0x08002050      0x1fc ./APP/app_control.o
                0x08002050                Get_Angle
 .text.Read_MPU6050_Burst
                0x0800224c      0x164 ./APP/app_control.o
                0x0800224c                Read_MPU6050_Burst
 .text.myabs    0x080023b0       0x1a ./APP/app_motor.o
 .text.PWM_Ignore
                0x080023ca       0x30 ./APP/app_motor.o
                0x080023ca                PWM_Ignore
 *fill*         0x080023fa        0x2 
 .text.Set_Pwm  0x080023fc       0xa0 ./APP/app_motor.o
                0x080023fc                Set_Pwm
 .text.PWM_Limit
                0x0800249c       0x34 ./APP/app_motor.o
                0x0800249c                PWM_Limit
 .text.Get_Velocity_Form_Encoder
                0x080024d0      0x17c ./APP/app_motor.o
                0x080024d0                Get_Velocity_Form_Encoder
 .text.Turn_Off
                0x0800264c       0x90 ./APP/app_motor.o
                0x0800264c                Turn_Off
 .text.Complementary_Filter_x
                0x080026dc       0x78 ./APP/filter/filter.o
                0x080026dc                Complementary_Filter_x
 .text.Complementary_Filter_y
                0x08002754       0x78 ./APP/filter/filter.o
                0x08002754                Complementary_Filter_y
 .text.Battery_init
                0x080027cc       0x98 ./BSP/Battery/bsp_battery.o
                0x080027cc                Battery_init
 .text.Battery_Get
                0x08002864       0x54 ./BSP/Battery/bsp_battery.o
 .text.Get_Measure_Volotage
                0x080028b8       0x34 ./BSP/Battery/bsp_battery.o
                0x080028b8                Get_Measure_Volotage
 .text.Get_Battery_Volotage
                0x080028ec       0x28 ./BSP/Battery/bsp_battery.o
                0x080028ec                Get_Battery_Volotage
 .text.init_beep
                0x08002914       0x3c ./BSP/Beep/bsp_beep.o
                0x08002914                init_beep
 .text.delay_init
                0x08002950       0x54 ./BSP/Delay/delay.o
                0x08002950                delay_init
 .text.delay_ms
                0x080029a4       0x60 ./BSP/Delay/delay.o
                0x080029a4                delay_ms
 .text.delay_us
                0x08002a04       0x5c ./BSP/Delay/delay.o
                0x08002a04                delay_us
 .text.Encoder_Init_TIM3
                0x08002a60       0xa8 ./BSP/Enconder/encoder.o
                0x08002a60                Encoder_Init_TIM3
 .text.Encoder_Init_TIM4
                0x08002b08       0xa8 ./BSP/Enconder/encoder.o
                0x08002b08                Encoder_Init_TIM4
 .text.Read_Encoder
                0x08002bb0       0x54 ./BSP/Enconder/encoder.o
                0x08002bb0                Read_Encoder
 .text.TIM4_IRQHandler
                0x08002c04       0x24 ./BSP/Enconder/encoder.o
                0x08002c04                TIM4_IRQHandler
 .text.TIM3_IRQHandler
                0x08002c28       0x24 ./BSP/Enconder/encoder.o
                0x08002c28                TIM3_IRQHandler
 .text.IIC_MPU6050_Init
                0x08002c4c       0x34 ./BSP/IIC_Software/IOI2C.o
                0x08002c4c                IIC_MPU6050_Init
 .text.IIC_Start
                0x08002c80       0x70 ./BSP/IIC_Software/IOI2C.o
                0x08002c80                IIC_Start
 .text.IIC_Stop
                0x08002cf0       0x50 ./BSP/IIC_Software/IOI2C.o
                0x08002cf0                IIC_Stop
 .text.IIC_Wait_Ack
                0x08002d40       0x80 ./BSP/IIC_Software/IOI2C.o
                0x08002d40                IIC_Wait_Ack
 .text.IIC_Ack  0x08002dc0       0x50 ./BSP/IIC_Software/IOI2C.o
                0x08002dc0                IIC_Ack
 .text.IIC_NAck
                0x08002e10       0x50 ./BSP/IIC_Software/IOI2C.o
                0x08002e10                IIC_NAck
 .text.IIC_Send_Byte
                0x08002e60       0x80 ./BSP/IIC_Software/IOI2C.o
                0x08002e60                IIC_Send_Byte
 .text.i2cWrite
                0x08002ee0       0x8e ./BSP/IIC_Software/IOI2C.o
                0x08002ee0                i2cWrite
 .text.i2cRead  0x08002f6e       0xaa ./BSP/IIC_Software/IOI2C.o
                0x08002f6e                i2cRead
 .text.IIC_Read_Byte
                0x08003018       0x8c ./BSP/IIC_Software/IOI2C.o
                0x08003018                IIC_Read_Byte
 .text.I2C_ReadOneByte
                0x080030a4       0x6e ./BSP/IIC_Software/IOI2C.o
                0x080030a4                I2C_ReadOneByte
 .text.IICreadBytes
                0x08003112       0x96 ./BSP/IIC_Software/IOI2C.o
                0x08003112                IICreadBytes
 .text.IICwriteBytes
                0x080031a8       0x68 ./BSP/IIC_Software/IOI2C.o
                0x080031a8                IICwriteBytes
 .text.IICreadByte
                0x08003210       0x2e ./BSP/IIC_Software/IOI2C.o
                0x08003210                IICreadByte
 .text.IICwriteByte
                0x0800323e       0x28 ./BSP/IIC_Software/IOI2C.o
                0x0800323e                IICwriteByte
 .text.IICwriteBits
                0x08003266       0xac ./BSP/IIC_Software/IOI2C.o
                0x08003266                IICwriteBits
 .text.IICwriteBit
                0x08003312       0x78 ./BSP/IIC_Software/IOI2C.o
                0x08003312                IICwriteBit
 *fill*         0x0800338a        0x2 
 .text.MPU6050_EXTI_Init
                0x0800338c       0x74 ./BSP/INT_Sever/intsever.o
                0x0800338c                MPU6050_EXTI_Init
 .text.Key1_is_Press
                0x08003400       0x24 ./BSP/Key/bsp_key.o
 .text.Key1_State
                0x08003424       0x32 ./BSP/Key/bsp_key.o
                0x08003424                Key1_State
 *fill*         0x08003456        0x2 
 .text.Key1_GPIO_Init
                0x08003458       0x30 ./BSP/Key/bsp_key.o
                0x08003458                Key1_GPIO_Init
 .text.init_led_gpio
                0x08003488       0x3c ./BSP/LED/bsp_LED.o
                0x08003488                init_led_gpio
 .text.set_int_enable
                0x080034c4       0xb4 ./BSP/MPU6050/DMP/inv_mpu.o
 .text.mpu_init
                0x08003578      0x22c ./BSP/MPU6050/DMP/inv_mpu.o
                0x08003578                mpu_init
 .text.mpu_lp_accel_mode
                0x080037a4       0xfc ./BSP/MPU6050/DMP/inv_mpu.o
                0x080037a4                mpu_lp_accel_mode
 .text.mpu_reset_fifo
                0x080038a0      0x1fc ./BSP/MPU6050/DMP/inv_mpu.o
                0x080038a0                mpu_reset_fifo
 .text.mpu_get_gyro_fsr
                0x08003a9c       0x68 ./BSP/MPU6050/DMP/inv_mpu.o
                0x08003a9c                mpu_get_gyro_fsr
 .text.mpu_set_gyro_fsr
                0x08003b04       0xa8 ./BSP/MPU6050/DMP/inv_mpu.o
                0x08003b04                mpu_set_gyro_fsr
 .text.mpu_get_accel_fsr
                0x08003bac       0x74 ./BSP/MPU6050/DMP/inv_mpu.o
                0x08003bac                mpu_get_accel_fsr
 .text.mpu_set_accel_fsr
                0x08003c20       0xd0 ./BSP/MPU6050/DMP/inv_mpu.o
                0x08003c20                mpu_set_accel_fsr
 .text.mpu_get_lpf
                0x08003cf0       0x78 ./BSP/MPU6050/DMP/inv_mpu.o
                0x08003cf0                mpu_get_lpf
 .text.mpu_set_lpf
                0x08003d68       0x9c ./BSP/MPU6050/DMP/inv_mpu.o
                0x08003d68                mpu_set_lpf
 .text.mpu_get_sample_rate
                0x08003e04       0x30 ./BSP/MPU6050/DMP/inv_mpu.o
                0x08003e04                mpu_get_sample_rate
 .text.mpu_set_sample_rate
                0x08003e34       0xcc ./BSP/MPU6050/DMP/inv_mpu.o
                0x08003e34                mpu_set_sample_rate
 .text.mpu_get_gyro_sens
                0x08003f00       0x70 ./BSP/MPU6050/DMP/inv_mpu.o
                0x08003f00                mpu_get_gyro_sens
 .text.mpu_get_accel_sens
                0x08003f70       0x7c ./BSP/MPU6050/DMP/inv_mpu.o
                0x08003f70                mpu_get_accel_sens
 .text.mpu_get_fifo_config
                0x08003fec       0x20 ./BSP/MPU6050/DMP/inv_mpu.o
                0x08003fec                mpu_get_fifo_config
 .text.mpu_configure_fifo
                0x0800400c       0xa4 ./BSP/MPU6050/DMP/inv_mpu.o
                0x0800400c                mpu_configure_fifo
 .text.mpu_set_sensors
                0x080040b0      0x10c ./BSP/MPU6050/DMP/inv_mpu.o
                0x080040b0                mpu_set_sensors
 .text.mpu_read_fifo_stream
                0x080041bc      0x100 ./BSP/MPU6050/DMP/inv_mpu.o
                0x080041bc                mpu_read_fifo_stream
 .text.mpu_set_bypass
                0x080042bc      0x18c ./BSP/MPU6050/DMP/inv_mpu.o
                0x080042bc                mpu_set_bypass
 .text.mpu_set_int_latched
                0x08004448       0x88 ./BSP/MPU6050/DMP/inv_mpu.o
                0x08004448                mpu_set_int_latched
 .text.get_accel_prod_shift
                0x080044d0      0x118 ./BSP/MPU6050/DMP/inv_mpu.o
 .text.accel_self_test
                0x080045e8      0x108 ./BSP/MPU6050/DMP/inv_mpu.o
 .text.gyro_self_test
                0x080046f0      0x178 ./BSP/MPU6050/DMP/inv_mpu.o
 .text.get_st_biases
                0x08004868      0x6f4 ./BSP/MPU6050/DMP/inv_mpu.o
 .text.mpu_run_self_test
                0x08004f5c      0x1a8 ./BSP/MPU6050/DMP/inv_mpu.o
                0x08004f5c                mpu_run_self_test
 .text.mpu_write_mem
                0x08005104       0xa4 ./BSP/MPU6050/DMP/inv_mpu.o
                0x08005104                mpu_write_mem
 .text.mpu_read_mem
                0x080051a8       0xa4 ./BSP/MPU6050/DMP/inv_mpu.o
                0x080051a8                mpu_read_mem
 .text.mpu_load_firmware
                0x0800524c       0xfc ./BSP/MPU6050/DMP/inv_mpu.o
                0x0800524c                mpu_load_firmware
 .text.mpu_set_dmp_state
                0x08005348       0xa8 ./BSP/MPU6050/DMP/inv_mpu.o
                0x08005348                mpu_set_dmp_state
 .text.myget_ms
                0x080053f0       0x12 ./BSP/MPU6050/DMP/inv_mpu.o
                0x080053f0                myget_ms
 *fill*         0x08005402        0x2 
 .text.dmp_load_motion_driver_firmware
                0x08005404       0x20 ./BSP/MPU6050/DMP/inv_mpu_dmp_motion_driver.o
                0x08005404                dmp_load_motion_driver_firmware
 .text.dmp_set_orientation
                0x08005424      0x1d8 ./BSP/MPU6050/DMP/inv_mpu_dmp_motion_driver.o
                0x08005424                dmp_set_orientation
 .text.dmp_set_gyro_bias
                0x080055fc      0x214 ./BSP/MPU6050/DMP/inv_mpu_dmp_motion_driver.o
                0x080055fc                dmp_set_gyro_bias
 .text.dmp_set_accel_bias
                0x08005810      0x208 ./BSP/MPU6050/DMP/inv_mpu_dmp_motion_driver.o
                0x08005810                dmp_set_accel_bias
 .text.dmp_set_fifo_rate
                0x08005a18       0x90 ./BSP/MPU6050/DMP/inv_mpu_dmp_motion_driver.o
                0x08005a18                dmp_set_fifo_rate
 .text.dmp_set_tap_thresh
                0x08005aa8      0x254 ./BSP/MPU6050/DMP/inv_mpu_dmp_motion_driver.o
                0x08005aa8                dmp_set_tap_thresh
 .text.dmp_set_tap_axes
                0x08005cfc       0x64 ./BSP/MPU6050/DMP/inv_mpu_dmp_motion_driver.o
                0x08005cfc                dmp_set_tap_axes
 .text.dmp_set_tap_count
                0x08005d60       0x42 ./BSP/MPU6050/DMP/inv_mpu_dmp_motion_driver.o
                0x08005d60                dmp_set_tap_count
 *fill*         0x08005da2        0x2 
 .text.dmp_set_tap_time
                0x08005da4       0x44 ./BSP/MPU6050/DMP/inv_mpu_dmp_motion_driver.o
                0x08005da4                dmp_set_tap_time
 .text.dmp_set_tap_time_multi
                0x08005de8       0x44 ./BSP/MPU6050/DMP/inv_mpu_dmp_motion_driver.o
                0x08005de8                dmp_set_tap_time_multi
 .text.dmp_set_shake_reject_thresh
                0x08005e2c       0x60 ./BSP/MPU6050/DMP/inv_mpu_dmp_motion_driver.o
                0x08005e2c                dmp_set_shake_reject_thresh
 .text.dmp_set_shake_reject_time
                0x08005e8c       0x44 ./BSP/MPU6050/DMP/inv_mpu_dmp_motion_driver.o
                0x08005e8c                dmp_set_shake_reject_time
 .text.dmp_set_shake_reject_timeout
                0x08005ed0       0x44 ./BSP/MPU6050/DMP/inv_mpu_dmp_motion_driver.o
                0x08005ed0                dmp_set_shake_reject_timeout
 .text.dmp_enable_feature
                0x08005f14      0x250 ./BSP/MPU6050/DMP/inv_mpu_dmp_motion_driver.o
                0x08005f14                dmp_enable_feature
 .text.dmp_enable_gyro_cal
                0x08006164       0x60 ./BSP/MPU6050/DMP/inv_mpu_dmp_motion_driver.o
                0x08006164                dmp_enable_gyro_cal
 .text.dmp_enable_lp_quat
                0x080061c4       0x4e ./BSP/MPU6050/DMP/inv_mpu_dmp_motion_driver.o
                0x080061c4                dmp_enable_lp_quat
 .text.dmp_enable_6x_lp_quat
                0x08006212       0x4e ./BSP/MPU6050/DMP/inv_mpu_dmp_motion_driver.o
                0x08006212                dmp_enable_6x_lp_quat
 .text.decode_gesture
                0x08006260       0x88 ./BSP/MPU6050/DMP/inv_mpu_dmp_motion_driver.o
 .text.dmp_read_fifo
                0x080062e8      0x2e4 ./BSP/MPU6050/DMP/inv_mpu_dmp_motion_driver.o
                0x080062e8                dmp_read_fifo
 .text.__DSB    0x080065cc       0x10 ./BSP/MPU6050/mpu6050.o
 .text.NVIC_SystemReset
                0x080065dc       0x24 ./BSP/MPU6050/mpu6050.o
 .text.inv_row_2_scale
                0x08006600       0x80 ./BSP/MPU6050/mpu6050.o
 .text.inv_orientation_matrix_to_scalar
                0x08006680       0x50 ./BSP/MPU6050/mpu6050.o
 .text.run_self_test
                0x080066d0       0xca ./BSP/MPU6050/mpu6050.o
 .text.MPU6050_setClockSource
                0x0800679a       0x22 ./BSP/MPU6050/mpu6050.o
                0x0800679a                MPU6050_setClockSource
 .text.MPU6050_setFullScaleGyroRange
                0x080067bc       0x22 ./BSP/MPU6050/mpu6050.o
                0x080067bc                MPU6050_setFullScaleGyroRange
 .text.MPU6050_setFullScaleAccelRange
                0x080067de       0x22 ./BSP/MPU6050/mpu6050.o
                0x080067de                MPU6050_setFullScaleAccelRange
 .text.MPU6050_setSleepEnabled
                0x08006800       0x1e ./BSP/MPU6050/mpu6050.o
                0x08006800                MPU6050_setSleepEnabled
 .text.MPU6050_setI2CMasterModeEnabled
                0x0800681e       0x1e ./BSP/MPU6050/mpu6050.o
                0x0800681e                MPU6050_setI2CMasterModeEnabled
 .text.MPU6050_setI2CBypassEnabled
                0x0800683c       0x1e ./BSP/MPU6050/mpu6050.o
                0x0800683c                MPU6050_setI2CBypassEnabled
 .text.MPU6050_initialize
                0x0800685a       0x2c ./BSP/MPU6050/mpu6050.o
                0x0800685a                MPU6050_initialize
 *fill*         0x08006886        0x2 
 .text.DMP_Init
                0x08006888       0xf8 ./BSP/MPU6050/mpu6050.o
                0x08006888                DMP_Init
 .text.Read_DMP
                0x08006980      0x31c ./BSP/MPU6050/mpu6050.o
                0x08006980                Read_DMP
 .text.BalanceCar_Motor_Init
                0x08006c9c       0x34 ./BSP/Motor/motor.o
                0x08006c9c                BalanceCar_Motor_Init
 .text.BalanceCar_PWM_Init
                0x08006cd0       0xc4 ./BSP/Motor/motor.o
                0x08006cd0                BalanceCar_PWM_Init
 .text.OLED_Init
                0x08006d94      0x15c ./BSP/OLED/bsp_oled.o
                0x08006d94                OLED_Init
 .text.SSD1306_UpdateScreen
                0x08006ef0       0x5c ./BSP/OLED/bsp_oled.o
                0x08006ef0                SSD1306_UpdateScreen
 .text.SSD1306_Fill
                0x08006f4c       0x30 ./BSP/OLED/bsp_oled.o
                0x08006f4c                SSD1306_Fill
 .text.SSD1306_DrawPixel
                0x08006f7c       0xbc ./BSP/OLED/bsp_oled.o
                0x08006f7c                SSD1306_DrawPixel
 .text.SSD1306_GotoXY
                0x08007038       0x2c ./BSP/OLED/bsp_oled.o
                0x08007038                SSD1306_GotoXY
 .text.SSD1306_Putc
                0x08007064       0xfc ./BSP/OLED/bsp_oled.o
                0x08007064                SSD1306_Putc
 .text.SSD1306_Puts
                0x08007160       0x4a ./BSP/OLED/bsp_oled.o
                0x08007160                SSD1306_Puts
 .text.ssd1306_I2C_WriteMulti
                0x080071aa       0x2c ./BSP/OLED/bsp_oled.o
                0x080071aa                ssd1306_I2C_WriteMulti
 .text.ssd1306_I2C_Write
                0x080071d6       0x26 ./BSP/OLED/bsp_oled.o
                0x080071d6                ssd1306_I2C_Write
 .text.OLED_Clear
                0x080071fc        0xe ./BSP/OLED/bsp_oled.o
                0x080071fc                OLED_Clear
 .text.OLED_Refresh
                0x0800720a        0xc ./BSP/OLED/bsp_oled.o
                0x0800720a                OLED_Refresh
 *fill*         0x08007216        0x2 
 .text.OLED_Draw_String
                0x08007218       0x54 ./BSP/OLED/bsp_oled.o
                0x08007218                OLED_Draw_String
 .text.OLED_Draw_Line
                0x0800726c       0x4e ./BSP/OLED/bsp_oled.o
                0x0800726c                OLED_Draw_Line
 .text.Delay_For_Pin
                0x080072ba       0x40 ./BSP/OLED/bsp_oled_i2c.o
 *fill*         0x080072fa        0x2 
 .text.OLED_I2C_Init
                0x080072fc       0x20 ./BSP/OLED/bsp_oled_i2c.o
                0x080072fc                OLED_I2C_Init
 .text.OLED_IIC_Init
                0x0800731c       0x38 ./BSP/OLED/bsp_oled_i2c.o
                0x0800731c                OLED_IIC_Init
 .text.OLED_IIC_Start
                0x08007354       0x70 ./BSP/OLED/bsp_oled_i2c.o
                0x08007354                OLED_IIC_Start
 .text.OLED_IIC_Stop
                0x080073c4       0x58 ./BSP/OLED/bsp_oled_i2c.o
                0x080073c4                OLED_IIC_Stop
 .text.OLED_IIC_Wait_Ack
                0x0800741c       0x80 ./BSP/OLED/bsp_oled_i2c.o
                0x0800741c                OLED_IIC_Wait_Ack
 .text.OLED_IIC_Send_Byte
                0x0800749c       0x80 ./BSP/OLED/bsp_oled_i2c.o
                0x0800749c                OLED_IIC_Send_Byte
 .text.OLED_i2cWrite
                0x0800751c       0x8e ./BSP/OLED/bsp_oled_i2c.o
                0x0800751c                OLED_i2cWrite
 *fill*         0x080075aa        0x2 
 .text.TIM6_Init
                0x080075ac       0x60 ./BSP/Timer/bsp_timer.o
                0x080075ac                TIM6_Init
 .text.TIM6_IRQHandler
                0x0800760c       0xb8 ./BSP/Timer/bsp_timer.o
                0x0800760c                TIM6_IRQHandler
 .text.USART2_Send_U8
                0x080076c4       0x34 ./BSP/Usart1/bsp_usart2.o
                0x080076c4                USART2_Send_U8
 .text.USART2_IRQHandler
                0x080076f8       0x40 ./BSP/Usart1/bsp_usart2.o
                0x080076f8                USART2_IRQHandler
 .text.__io_putchar
                0x08007738       0x30 ./BSP/Usart1/usart.o
                0x08007738                __io_putchar
 .text._write   0x08007768       0x38 ./BSP/Usart1/usart.o
                0x08007768                _write
 .text.uart_init
                0x080077a0       0xa4 ./BSP/Usart1/usart.o
                0x080077a0                uart_init
 .text.USART1_Send_U8
                0x08007844       0x34 ./BSP/Usart1/usart.o
                0x08007844                USART1_Send_U8
 .text.USART1_IRQHandler
                0x08007878       0x38 ./BSP/Usart1/usart.o
                0x08007878                USART1_IRQHandler
 .text.bsp_init
                0x080078b0       0x68 ./BSP/bsp.o
                0x080078b0                bsp_init
 .text.JTAG_Set
                0x08007918       0x4c ./BSP/bsp.o
                0x08007918                JTAG_Set
 .text.DIY_NVIC_PriorityGroupConfig
                0x08007964       0x54 ./BSP/bsp.o
                0x08007964                DIY_NVIC_PriorityGroupConfig
 .text.SystemInit
                0x080079b8       0x68 ./CMSIS/system_stm32f10x.o
                0x080079b8                SystemInit
 .text.SetSysClock
                0x08007a20        0xc ./CMSIS/system_stm32f10x.o
 .text.SetSysClockTo72
                0x08007a2c      0x100 ./CMSIS/system_stm32f10x.o
 .text.relu     0x08007b2c       0x28 ./Controllers/sac_controller.o
                0x08007b2c                relu
 .text.Controller_Compute
                0x08007b54      0x234 ./Controllers/sac_controller.o
                0x08007b54                Controller_Compute
 .text.NVIC_Init
                0x08007d88       0xc4 ./STM32F10x_StdPeriph_Driver/src/misc.o
                0x08007d88                NVIC_Init
 .text.SysTick_CLKSourceConfig
                0x08007e4c       0x38 ./STM32F10x_StdPeriph_Driver/src/misc.o
                0x08007e4c                SysTick_CLKSourceConfig
 .text.ADC_DeInit
                0x08007e84       0x74 ./STM32F10x_StdPeriph_Driver/src/stm32f10x_adc.o
                0x08007e84                ADC_DeInit
 .text.ADC_Init
                0x08007ef8       0xa4 ./STM32F10x_StdPeriph_Driver/src/stm32f10x_adc.o
                0x08007ef8                ADC_Init
 .text.ADC_Cmd  0x08007f9c       0x36 ./STM32F10x_StdPeriph_Driver/src/stm32f10x_adc.o
                0x08007f9c                ADC_Cmd
 .text.ADC_ResetCalibration
                0x08007fd2       0x1e ./STM32F10x_StdPeriph_Driver/src/stm32f10x_adc.o
                0x08007fd2                ADC_ResetCalibration
 .text.ADC_GetResetCalibrationStatus
                0x08007ff0       0x2e ./STM32F10x_StdPeriph_Driver/src/stm32f10x_adc.o
                0x08007ff0                ADC_GetResetCalibrationStatus
 .text.ADC_StartCalibration
                0x0800801e       0x1e ./STM32F10x_StdPeriph_Driver/src/stm32f10x_adc.o
                0x0800801e                ADC_StartCalibration
 .text.ADC_GetCalibrationStatus
                0x0800803c       0x2e ./STM32F10x_StdPeriph_Driver/src/stm32f10x_adc.o
                0x0800803c                ADC_GetCalibrationStatus
 .text.ADC_SoftwareStartConvCmd
                0x0800806a       0x36 ./STM32F10x_StdPeriph_Driver/src/stm32f10x_adc.o
                0x0800806a                ADC_SoftwareStartConvCmd
 .text.ADC_RegularChannelConfig
                0x080080a0      0x192 ./STM32F10x_StdPeriph_Driver/src/stm32f10x_adc.o
                0x080080a0                ADC_RegularChannelConfig
 .text.ADC_GetConversionValue
                0x08008232       0x18 ./STM32F10x_StdPeriph_Driver/src/stm32f10x_adc.o
                0x08008232                ADC_GetConversionValue
 .text.ADC_GetFlagStatus
                0x0800824a       0x32 ./STM32F10x_StdPeriph_Driver/src/stm32f10x_adc.o
                0x0800824a                ADC_GetFlagStatus
 .text.EXTI_Init
                0x0800827c       0xe4 ./STM32F10x_StdPeriph_Driver/src/stm32f10x_exti.o
                0x0800827c                EXTI_Init
 .text.GPIO_Init
                0x08008360      0x178 ./STM32F10x_StdPeriph_Driver/src/stm32f10x_gpio.o
                0x08008360                GPIO_Init
 .text.GPIO_ReadInputDataBit
                0x080084d8       0x32 ./STM32F10x_StdPeriph_Driver/src/stm32f10x_gpio.o
                0x080084d8                GPIO_ReadInputDataBit
 *fill*         0x0800850a        0x2 
 .text.GPIO_EXTILineConfig
                0x0800850c       0x80 ./STM32F10x_StdPeriph_Driver/src/stm32f10x_gpio.o
                0x0800850c                GPIO_EXTILineConfig
 .text.RCC_ADCCLKConfig
                0x0800858c       0x38 ./STM32F10x_StdPeriph_Driver/src/stm32f10x_rcc.o
                0x0800858c                RCC_ADCCLKConfig
 .text.RCC_GetClocksFreq
                0x080085c4      0x16c ./STM32F10x_StdPeriph_Driver/src/stm32f10x_rcc.o
                0x080085c4                RCC_GetClocksFreq
 .text.RCC_APB2PeriphClockCmd
                0x08008730       0x3c ./STM32F10x_StdPeriph_Driver/src/stm32f10x_rcc.o
                0x08008730                RCC_APB2PeriphClockCmd
 .text.RCC_APB1PeriphClockCmd
                0x0800876c       0x3c ./STM32F10x_StdPeriph_Driver/src/stm32f10x_rcc.o
                0x0800876c                RCC_APB1PeriphClockCmd
 .text.RCC_APB2PeriphResetCmd
                0x080087a8       0x3c ./STM32F10x_StdPeriph_Driver/src/stm32f10x_rcc.o
                0x080087a8                RCC_APB2PeriphResetCmd
 .text.RCC_APB1PeriphResetCmd
                0x080087e4       0x3c ./STM32F10x_StdPeriph_Driver/src/stm32f10x_rcc.o
                0x080087e4                RCC_APB1PeriphResetCmd
 .text.TIM_DeInit
                0x08008820      0x22c ./STM32F10x_StdPeriph_Driver/src/stm32f10x_tim.o
                0x08008820                TIM_DeInit
 .text.TIM_TimeBaseInit
                0x08008a4c       0xf8 ./STM32F10x_StdPeriph_Driver/src/stm32f10x_tim.o
                0x08008a4c                TIM_TimeBaseInit
 .text.TIM_OC1Init
                0x08008b44      0x118 ./STM32F10x_StdPeriph_Driver/src/stm32f10x_tim.o
                0x08008b44                TIM_OC1Init
 .text.TIM_OC2Init
                0x08008c5c      0x110 ./STM32F10x_StdPeriph_Driver/src/stm32f10x_tim.o
                0x08008c5c                TIM_OC2Init
 .text.TIM_OC3Init
                0x08008d6c      0x10c ./STM32F10x_StdPeriph_Driver/src/stm32f10x_tim.o
                0x08008d6c                TIM_OC3Init
 .text.TIM_OC4Init
                0x08008e78       0xd0 ./STM32F10x_StdPeriph_Driver/src/stm32f10x_tim.o
                0x08008e78                TIM_OC4Init
 .text.TIM_ICInit
                0x08008f48       0xa8 ./STM32F10x_StdPeriph_Driver/src/stm32f10x_tim.o
                0x08008f48                TIM_ICInit
 .text.TIM_TimeBaseStructInit
                0x08008ff0       0x32 ./STM32F10x_StdPeriph_Driver/src/stm32f10x_tim.o
                0x08008ff0                TIM_TimeBaseStructInit
 .text.TIM_ICStructInit
                0x08009022       0x30 ./STM32F10x_StdPeriph_Driver/src/stm32f10x_tim.o
                0x08009022                TIM_ICStructInit
 .text.TIM_Cmd  0x08009052       0x3e ./STM32F10x_StdPeriph_Driver/src/stm32f10x_tim.o
                0x08009052                TIM_Cmd
 .text.TIM_CtrlPWMOutputs
                0x08009090       0x4a ./STM32F10x_StdPeriph_Driver/src/stm32f10x_tim.o
                0x08009090                TIM_CtrlPWMOutputs
 .text.TIM_ITConfig
                0x080090da       0x46 ./STM32F10x_StdPeriph_Driver/src/stm32f10x_tim.o
                0x080090da                TIM_ITConfig
 .text.TIM_EncoderInterfaceConfig
                0x08009120       0x96 ./STM32F10x_StdPeriph_Driver/src/stm32f10x_tim.o
                0x08009120                TIM_EncoderInterfaceConfig
 .text.TIM_ARRPreloadConfig
                0x080091b6       0x3e ./STM32F10x_StdPeriph_Driver/src/stm32f10x_tim.o
                0x080091b6                TIM_ARRPreloadConfig
 .text.TIM_OC1PreloadConfig
                0x080091f4       0x36 ./STM32F10x_StdPeriph_Driver/src/stm32f10x_tim.o
                0x080091f4                TIM_OC1PreloadConfig
 .text.TIM_OC2PreloadConfig
                0x0800922a       0x3a ./STM32F10x_StdPeriph_Driver/src/stm32f10x_tim.o
                0x0800922a                TIM_OC2PreloadConfig
 .text.TIM_OC3PreloadConfig
                0x08009264       0x36 ./STM32F10x_StdPeriph_Driver/src/stm32f10x_tim.o
                0x08009264                TIM_OC3PreloadConfig
 .text.TIM_OC4PreloadConfig
                0x0800929a       0x3a ./STM32F10x_StdPeriph_Driver/src/stm32f10x_tim.o
                0x0800929a                TIM_OC4PreloadConfig
 .text.TIM_SetCounter
                0x080092d4       0x1c ./STM32F10x_StdPeriph_Driver/src/stm32f10x_tim.o
                0x080092d4                TIM_SetCounter
 .text.TIM_SetIC1Prescaler
                0x080092f0       0x36 ./STM32F10x_StdPeriph_Driver/src/stm32f10x_tim.o
                0x080092f0                TIM_SetIC1Prescaler
 .text.TIM_SetIC2Prescaler
                0x08009326       0x3a ./STM32F10x_StdPeriph_Driver/src/stm32f10x_tim.o
                0x08009326                TIM_SetIC2Prescaler
 .text.TIM_SetIC3Prescaler
                0x08009360       0x36 ./STM32F10x_StdPeriph_Driver/src/stm32f10x_tim.o
                0x08009360                TIM_SetIC3Prescaler
 .text.TIM_SetIC4Prescaler
                0x08009396       0x3a ./STM32F10x_StdPeriph_Driver/src/stm32f10x_tim.o
                0x08009396                TIM_SetIC4Prescaler
 .text.TIM_ClearFlag
                0x080093d0       0x20 ./STM32F10x_StdPeriph_Driver/src/stm32f10x_tim.o
                0x080093d0                TIM_ClearFlag
 .text.TIM_GetITStatus
                0x080093f0       0x52 ./STM32F10x_StdPeriph_Driver/src/stm32f10x_tim.o
                0x080093f0                TIM_GetITStatus
 .text.TIM_ClearITPendingBit
                0x08009442       0x20 ./STM32F10x_StdPeriph_Driver/src/stm32f10x_tim.o
                0x08009442                TIM_ClearITPendingBit
 *fill*         0x08009462        0x2 
 .text.TI1_Config
                0x08009464       0xe0 ./STM32F10x_StdPeriph_Driver/src/stm32f10x_tim.o
 .text.TI2_Config
                0x08009544       0xf4 ./STM32F10x_StdPeriph_Driver/src/stm32f10x_tim.o
 .text.TI3_Config
                0x08009638       0xec ./STM32F10x_StdPeriph_Driver/src/stm32f10x_tim.o
 .text.TI4_Config
                0x08009724       0xf8 ./STM32F10x_StdPeriph_Driver/src/stm32f10x_tim.o
 .text.USART_Init
                0x0800981c      0x174 ./STM32F10x_StdPeriph_Driver/src/stm32f10x_usart.o
                0x0800981c                USART_Init
 .text.USART_Cmd
                0x08009990       0x3e ./STM32F10x_StdPeriph_Driver/src/stm32f10x_usart.o
                0x08009990                USART_Cmd
 .text.USART_ITConfig
                0x080099ce       0x8e ./STM32F10x_StdPeriph_Driver/src/stm32f10x_usart.o
                0x080099ce                USART_ITConfig
 .text.USART_SendData
                0x08009a5c       0x22 ./STM32F10x_StdPeriph_Driver/src/stm32f10x_usart.o
                0x08009a5c                USART_SendData
 .text.USART_ReceiveData
                0x08009a7e       0x1e ./STM32F10x_StdPeriph_Driver/src/stm32f10x_usart.o
                0x08009a7e                USART_ReceiveData
 .text.USART_GetFlagStatus
                0x08009a9c       0x36 ./STM32F10x_StdPeriph_Driver/src/stm32f10x_usart.o
                0x08009a9c                USART_GetFlagStatus
 .text.USART_GetITStatus
                0x08009ad2       0xb4 ./STM32F10x_StdPeriph_Driver/src/stm32f10x_usart.o
                0x08009ad2                USART_GetITStatus
 .text.USART_ClearITPendingBit
                0x08009b86       0x38 ./STM32F10x_StdPeriph_Driver/src/stm32f10x_usart.o
                0x08009b86                USART_ClearITPendingBit
 *fill*         0x08009bbe        0x2 
 .text.Reset_Handler
                0x08009bc0       0x50 ./Startup/startup_stm32f103rctx.o
                0x08009bc0                Reset_Handler
 .text.Default_Handler
                0x08009c10        0x2 ./Startup/startup_stm32f103rctx.o
                0x08009c10                EXTI2_IRQHandler
                0x08009c10                TIM8_TRG_COM_IRQHandler
                0x08009c10                TIM8_CC_IRQHandler
                0x08009c10                TIM1_CC_IRQHandler
                0x08009c10                PVD_IRQHandler
                0x08009c10                SDIO_IRQHandler
                0x08009c10                EXTI3_IRQHandler
                0x08009c10                USB_HP_CAN_TX_IRQHandler
                0x08009c10                EXTI0_IRQHandler
                0x08009c10                I2C2_EV_IRQHandler
                0x08009c10                ADC1_2_IRQHandler
                0x08009c10                SPI1_IRQHandler
                0x08009c10                CAN_SCE_IRQHandler
                0x08009c10                TAMPER_IRQHandler
                0x08009c10                TIM8_UP_IRQHandler
                0x08009c10                DMA2_Channel2_IRQHandler
                0x08009c10                DMA1_Channel4_IRQHandler
                0x08009c10                USART3_IRQHandler
                0x08009c10                RTC_IRQHandler
                0x08009c10                DMA1_Channel7_IRQHandler
                0x08009c10                UART5_IRQHandler
                0x08009c10                ADC3_IRQHandler
                0x08009c10                CAN_RX1_IRQHandler
                0x08009c10                DMA2_Channel1_IRQHandler
                0x08009c10                I2C1_EV_IRQHandler
                0x08009c10                DMA1_Channel6_IRQHandler
                0x08009c10                UART4_IRQHandler
                0x08009c10                RCC_IRQHandler
                0x08009c10                TIM1_TRG_COM_IRQHandler
                0x08009c10                DMA1_Channel1_IRQHandler
                0x08009c10                Default_Handler
                0x08009c10                TIM7_IRQHandler
                0x08009c10                TIM5_IRQHandler
                0x08009c10                EXTI9_5_IRQHandler
                0x08009c10                SPI2_IRQHandler
                0x08009c10                USB_LP_CAN_RX0_IRQHandler
                0x08009c10                DMA1_Channel5_IRQHandler
                0x08009c10                EXTI4_IRQHandler
                0x08009c10                DMA1_Channel3_IRQHandler
                0x08009c10                FSMC_IRQHandler
                0x08009c10                TIM1_UP_IRQHandler
                0x08009c10                WWDG_IRQHandler
                0x08009c10                TIM2_IRQHandler
                0x08009c10                TIM1_BRK_IRQHandler
                0x08009c10                EXTI1_IRQHandler
                0x08009c10                RTCAlarm_IRQHandler
                0x08009c10                DMA2_Channel4_5_IRQHandler
                0x08009c10                I2C2_ER_IRQHandler
                0x08009c10                DMA1_Channel2_IRQHandler
                0x08009c10                TIM8_BRK_IRQHandler
                0x08009c10                FLASH_IRQHandler
                0x08009c10                SPI3_IRQHandler
                0x08009c10                I2C1_ER_IRQHandler
                0x08009c10                DMA2_Channel3_IRQHandler
 *fill*         0x08009c12        0x2 
 .text.main     0x08009c14       0xd0 ./USER/main.o
                0x08009c14                main
 .text.NMI_Handler
                0x08009ce4        0xc ./USER/stm32f10x_it.o
                0x08009ce4                NMI_Handler
 .text.HardFault_Handler
                0x08009cf0        0x8 ./USER/stm32f10x_it.o
                0x08009cf0                HardFault_Handler
 .text.MemManage_Handler
                0x08009cf8        0x8 ./USER/stm32f10x_it.o
                0x08009cf8                MemManage_Handler
 .text.BusFault_Handler
                0x08009d00        0x8 ./USER/stm32f10x_it.o
                0x08009d00                BusFault_Handler
 .text.UsageFault_Handler
                0x08009d08        0x8 ./USER/stm32f10x_it.o
                0x08009d08                UsageFault_Handler
 .text.SVC_Handler
                0x08009d10        0xc ./USER/stm32f10x_it.o
                0x08009d10                SVC_Handler
 .text.DebugMon_Handler
                0x08009d1c        0xc ./USER/stm32f10x_it.o
                0x08009d1c                DebugMon_Handler
 .text.PendSV_Handler
                0x08009d28        0xc ./USER/stm32f10x_it.o
                0x08009d28                PendSV_Handler
 .text.SysTick_Handler
                0x08009d34        0xc ./USER/stm32f10x_it.o
                0x08009d34                SysTick_Handler
 .text._getpid  0x08009d40        0xe ./USER/syscalls.o
                0x08009d40                _getpid
 .text._kill    0x08009d4e       0x20 ./USER/syscalls.o
                0x08009d4e                _kill
 .text._exit    0x08009d6e       0x16 ./USER/syscalls.o
                0x08009d6e                _exit
 .text._read    0x08009d84       0x3a ./USER/syscalls.o
                0x08009d84                _read
 .text._close   0x08009dbe       0x16 ./USER/syscalls.o
                0x08009dbe                _close
 .text._fstat   0x08009dd4       0x1e ./USER/syscalls.o
                0x08009dd4                _fstat
 .text._isatty  0x08009df2       0x14 ./USER/syscalls.o
                0x08009df2                _isatty
 .text._lseek   0x08009e06       0x18 ./USER/syscalls.o
                0x08009e06                _lseek
 *fill*         0x08009e1e        0x2 
 .text._sbrk    0x08009e20       0x6c ./USER/sysmem.o
                0x08009e20                _sbrk
 .text.__cvt    0x08009e8c       0xc8 /opt/st/stm32cubeide_2.2.0/plugins/com.st.stm32cube.ide.mcu.externaltools.gnu-tools-for-stm32.14.3.rel1.linux64_1.0.100.202602081740/tools/bin/../lib/gcc/arm-none-eabi/14.3.1/../../../../arm-none-eabi/lib/thumb/v7-m/nofp/libc_nano.a(libc_a-nano-vfprintf_float.o)
                0x08009e8c                __cvt
 .text.__exponent
                0x08009f54       0x74 /opt/st/stm32cubeide_2.2.0/plugins/com.st.stm32cube.ide.mcu.externaltools.gnu-tools-for-stm32.14.3.rel1.linux64_1.0.100.202602081740/tools/bin/../lib/gcc/arm-none-eabi/14.3.1/../../../../arm-none-eabi/lib/thumb/v7-m/nofp/libc_nano.a(libc_a-nano-vfprintf_float.o)
                0x08009f54                __exponent
 .text._printf_float
                0x08009fc8      0x458 /opt/st/stm32cubeide_2.2.0/plugins/com.st.stm32cube.ide.mcu.externaltools.gnu-tools-for-stm32.14.3.rel1.linux64_1.0.100.202602081740/tools/bin/../lib/gcc/arm-none-eabi/14.3.1/../../../../arm-none-eabi/lib/thumb/v7-m/nofp/libc_nano.a(libc_a-nano-vfprintf_float.o)
                0x08009fc8                _printf_float
 .text._printf_common
                0x0800a420       0xe4 /opt/st/stm32cubeide_2.2.0/plugins/com.st.stm32cube.ide.mcu.externaltools.gnu-tools-for-stm32.14.3.rel1.linux64_1.0.100.202602081740/tools/bin/../lib/gcc/arm-none-eabi/14.3.1/../../../../arm-none-eabi/lib/thumb/v7-m/nofp/libc_nano.a(libc_a-nano-vfprintf_i.o)
                0x0800a420                _printf_common
 .text._printf_i
                0x0800a504      0x24c /opt/st/stm32cubeide_2.2.0/plugins/com.st.stm32cube.ide.mcu.externaltools.gnu-tools-for-stm32.14.3.rel1.linux64_1.0.100.202602081740/tools/bin/../lib/gcc/arm-none-eabi/14.3.1/../../../../arm-none-eabi/lib/thumb/v7-m/nofp/libc_nano.a(libc_a-nano-vfprintf_i.o)
                0x0800a504                _printf_i
 .text.std      0x0800a750       0x6c /opt/st/stm32cubeide_2.2.0/plugins/com.st.stm32cube.ide.mcu.externaltools.gnu-tools-for-stm32.14.3.rel1.linux64_1.0.100.202602081740/tools/bin/../lib/gcc/arm-none-eabi/14.3.1/../../../../arm-none-eabi/lib/thumb/v7-m/nofp/libc_nano.a(libc_a-findfp.o)
 .text.stdio_exit_handler
                0x0800a7bc       0x18 /opt/st/stm32cubeide_2.2.0/plugins/com.st.stm32cube.ide.mcu.externaltools.gnu-tools-for-stm32.14.3.rel1.linux64_1.0.100.202602081740/tools/bin/../lib/gcc/arm-none-eabi/14.3.1/../../../../arm-none-eabi/lib/thumb/v7-m/nofp/libc_nano.a(libc_a-findfp.o)
 .text.cleanup_stdio
                0x0800a7d4       0x40 /opt/st/stm32cubeide_2.2.0/plugins/com.st.stm32cube.ide.mcu.externaltools.gnu-tools-for-stm32.14.3.rel1.linux64_1.0.100.202602081740/tools/bin/../lib/gcc/arm-none-eabi/14.3.1/../../../../arm-none-eabi/lib/thumb/v7-m/nofp/libc_nano.a(libc_a-findfp.o)
 .text.global_stdio_init.part.0
                0x0800a814       0x40 /opt/st/stm32cubeide_2.2.0/plugins/com.st.stm32cube.ide.mcu.externaltools.gnu-tools-for-stm32.14.3.rel1.linux64_1.0.100.202602081740/tools/bin/../lib/gcc/arm-none-eabi/14.3.1/../../../../arm-none-eabi/lib/thumb/v7-m/nofp/libc_nano.a(libc_a-findfp.o)
 .text.__sfp_lock_acquire
                0x0800a854        0xc /opt/st/stm32cubeide_2.2.0/plugins/com.st.stm32cube.ide.mcu.externaltools.gnu-tools-for-stm32.14.3.rel1.linux64_1.0.100.202602081740/tools/bin/../lib/gcc/arm-none-eabi/14.3.1/../../../../arm-none-eabi/lib/thumb/v7-m/nofp/libc_nano.a(libc_a-findfp.o)
                0x0800a854                __sfp_lock_acquire
 .text.__sfp_lock_release
                0x0800a860        0xc /opt/st/stm32cubeide_2.2.0/plugins/com.st.stm32cube.ide.mcu.externaltools.gnu-tools-for-stm32.14.3.rel1.linux64_1.0.100.202602081740/tools/bin/../lib/gcc/arm-none-eabi/14.3.1/../../../../arm-none-eabi/lib/thumb/v7-m/nofp/libc_nano.a(libc_a-findfp.o)
                0x0800a860                __sfp_lock_release
 .text.__sinit  0x0800a86c       0x30 /opt/st/stm32cubeide_2.2.0/plugins/com.st.stm32cube.ide.mcu.externaltools.gnu-tools-for-stm32.14.3.rel1.linux64_1.0.100.202602081740/tools/bin/../lib/gcc/arm-none-eabi/14.3.1/../../../../arm-none-eabi/lib/thumb/v7-m/nofp/libc_nano.a(libc_a-findfp.o)
                0x0800a86c                __sinit
 .text._fwalk_sglue
                0x0800a89c       0x3c /opt/st/stm32cubeide_2.2.0/plugins/com.st.stm32cube.ide.mcu.externaltools.gnu-tools-for-stm32.14.3.rel1.linux64_1.0.100.202602081740/tools/bin/../lib/gcc/arm-none-eabi/14.3.1/../../../../arm-none-eabi/lib/thumb/v7-m/nofp/libc_nano.a(libc_a-fwalk.o)
                0x0800a89c                _fwalk_sglue
 .text.printf   0x0800a8d8       0x24 /opt/st/stm32cubeide_2.2.0/plugins/com.st.stm32cube.ide.mcu.externaltools.gnu-tools-for-stm32.14.3.rel1.linux64_1.0.100.202602081740/tools/bin/../lib/gcc/arm-none-eabi/14.3.1/../../../../arm-none-eabi/lib/thumb/v7-m/nofp/libc_nano.a(libc_a-printf.o)
                0x0800a8d8                printf
                0x0800a8d8                iprintf
 .text._puts_r  0x0800a8fc       0xaa /opt/st/stm32cubeide_2.2.0/plugins/com.st.stm32cube.ide.mcu.externaltools.gnu-tools-for-stm32.14.3.rel1.linux64_1.0.100.202602081740/tools/bin/../lib/gcc/arm-none-eabi/14.3.1/../../../../arm-none-eabi/lib/thumb/v7-m/nofp/libc_nano.a(libc_a-puts.o)
                0x0800a8fc                _puts_r
 *fill*         0x0800a9a6        0x2 
 .text.puts     0x0800a9a8       0x10 /opt/st/stm32cubeide_2.2.0/plugins/com.st.stm32cube.ide.mcu.externaltools.gnu-tools-for-stm32.14.3.rel1.linux64_1.0.100.202602081740/tools/bin/../lib/gcc/arm-none-eabi/14.3.1/../../../../arm-none-eabi/lib/thumb/v7-m/nofp/libc_nano.a(libc_a-puts.o)
                0x0800a9a8                puts
 .text.sprintf  0x0800a9b8       0x44 /opt/st/stm32cubeide_2.2.0/plugins/com.st.stm32cube.ide.mcu.externaltools.gnu-tools-for-stm32.14.3.rel1.linux64_1.0.100.202602081740/tools/bin/../lib/gcc/arm-none-eabi/14.3.1/../../../../arm-none-eabi/lib/thumb/v7-m/nofp/libc_nano.a(libc_a-sprintf.o)
                0x0800a9b8                sprintf
                0x0800a9b8                siprintf
 .text.__sread  0x0800a9fc       0x22 /opt/st/stm32cubeide_2.2.0/plugins/com.st.stm32cube.ide.mcu.externaltools.gnu-tools-for-stm32.14.3.rel1.linux64_1.0.100.202602081740/tools/bin/../lib/gcc/arm-none-eabi/14.3.1/../../../../arm-none-eabi/lib/thumb/v7-m/nofp/libc_nano.a(libc_a-stdio.o)
                0x0800a9fc                __sread
 .text.__swrite
                0x0800aa1e       0x38 /opt/st/stm32cubeide_2.2.0/plugins/com.st.stm32cube.ide.mcu.externaltools.gnu-tools-for-stm32.14.3.rel1.linux64_1.0.100.202602081740/tools/bin/../lib/gcc/arm-none-eabi/14.3.1/../../../../arm-none-eabi/lib/thumb/v7-m/nofp/libc_nano.a(libc_a-stdio.o)
                0x0800aa1e                __swrite
 .text.__sseek  0x0800aa56       0x26 /opt/st/stm32cubeide_2.2.0/plugins/com.st.stm32cube.ide.mcu.externaltools.gnu-tools-for-stm32.14.3.rel1.linux64_1.0.100.202602081740/tools/bin/../lib/gcc/arm-none-eabi/14.3.1/../../../../arm-none-eabi/lib/thumb/v7-m/nofp/libc_nano.a(libc_a-stdio.o)
                0x0800aa56                __sseek
 .text.__sclose
                0x0800aa7c        0x8 /opt/st/stm32cubeide_2.2.0/plugins/com.st.stm32cube.ide.mcu.externaltools.gnu-tools-for-stm32.14.3.rel1.linux64_1.0.100.202602081740/tools/bin/../lib/gcc/arm-none-eabi/14.3.1/../../../../arm-none-eabi/lib/thumb/v7-m/nofp/libc_nano.a(libc_a-stdio.o)
                0x0800aa7c                __sclose
 .text.__swbuf_r
                0x0800aa84       0x7c /opt/st/stm32cubeide_2.2.0/plugins/com.st.stm32cube.ide.mcu.externaltools.gnu-tools-for-stm32.14.3.rel1.linux64_1.0.100.202602081740/tools/bin/../lib/gcc/arm-none-eabi/14.3.1/../../../../arm-none-eabi/lib/thumb/v7-m/nofp/libc_nano.a(libc_a-wbuf.o)
                0x0800aa84                __swbuf_r
 .text.__swsetup_r
                0x0800ab00       0xa8 /opt/st/stm32cubeide_2.2.0/plugins/com.st.stm32cube.ide.mcu.externaltools.gnu-tools-for-stm32.14.3.rel1.linux64_1.0.100.202602081740/tools/bin/../lib/gcc/arm-none-eabi/14.3.1/../../../../arm-none-eabi/lib/thumb/v7-m/nofp/libc_nano.a(libc_a-wsetup.o)
                0x0800ab00                __swsetup_r
 .text.memcmp   0x0800aba8       0x20 /opt/st/stm32cubeide_2.2.0/plugins/com.st.stm32cube.ide.mcu.externaltools.gnu-tools-for-stm32.14.3.rel1.linux64_1.0.100.202602081740/tools/bin/../lib/gcc/arm-none-eabi/14.3.1/../../../../arm-none-eabi/lib/thumb/v7-m/nofp/libc_nano.a(libc_a-memcmp.o)
                0x0800aba8                memcmp
 .text.memset   0x0800abc8       0x10 /opt/st/stm32cubeide_2.2.0/plugins/com.st.stm32cube.ide.mcu.externaltools.gnu-tools-for-stm32.14.3.rel1.linux64_1.0.100.202602081740/tools/bin/../lib/gcc/arm-none-eabi/14.3.1/../../../../arm-none-eabi/lib/thumb/v7-m/nofp/libc_nano.a(libc_a-memset.o)
                0x0800abc8                memset
 .text._localeconv_r
                0x0800abd8        0x8 /opt/st/stm32cubeide_2.2.0/plugins/com.st.stm32cube.ide.mcu.externaltools.gnu-tools-for-stm32.14.3.rel1.linux64_1.0.100.202602081740/tools/bin/../lib/gcc/arm-none-eabi/14.3.1/../../../../arm-none-eabi/lib/thumb/v7-m/nofp/libc_nano.a(libc_a-localeconv.o)
                0x0800abd8                _localeconv_r
 .text._close_r
                0x0800abe0       0x20 /opt/st/stm32cubeide_2.2.0/plugins/com.st.stm32cube.ide.mcu.externaltools.gnu-tools-for-stm32.14.3.rel1.linux64_1.0.100.202602081740/tools/bin/../lib/gcc/arm-none-eabi/14.3.1/../../../../arm-none-eabi/lib/thumb/v7-m/nofp/libc_nano.a(libc_a-closer.o)
                0x0800abe0                _close_r
 .text._lseek_r
                0x0800ac00       0x24 /opt/st/stm32cubeide_2.2.0/plugins/com.st.stm32cube.ide.mcu.externaltools.gnu-tools-for-stm32.14.3.rel1.linux64_1.0.100.202602081740/tools/bin/../lib/gcc/arm-none-eabi/14.3.1/../../../../arm-none-eabi/lib/thumb/v7-m/nofp/libc_nano.a(libc_a-lseekr.o)
                0x0800ac00                _lseek_r
 .text._read_r  0x0800ac24       0x24 /opt/st/stm32cubeide_2.2.0/plugins/com.st.stm32cube.ide.mcu.externaltools.gnu-tools-for-stm32.14.3.rel1.linux64_1.0.100.202602081740/tools/bin/../lib/gcc/arm-none-eabi/14.3.1/../../../../arm-none-eabi/lib/thumb/v7-m/nofp/libc_nano.a(libc_a-readr.o)
                0x0800ac24                _read_r
 .text._write_r
                0x0800ac48       0x24 /opt/st/stm32cubeide_2.2.0/plugins/com.st.stm32cube.ide.mcu.externaltools.gnu-tools-for-stm32.14.3.rel1.linux64_1.0.100.202602081740/tools/bin/../lib/gcc/arm-none-eabi/14.3.1/../../../../arm-none-eabi/lib/thumb/v7-m/nofp/libc_nano.a(libc_a-writer.o)
                0x0800ac48                _write_r
 .text.__errno  0x0800ac6c        0xc /opt/st/stm32cubeide_2.2.0/plugins/com.st.stm32cube.ide.mcu.externaltools.gnu-tools-for-stm32.14.3.rel1.linux64_1.0.100.202602081740/tools/bin/../lib/gcc/arm-none-eabi/14.3.1/../../../../arm-none-eabi/lib/thumb/v7-m/nofp/libc_nano.a(libc_a-errno.o)
                0x0800ac6c                __errno
 .text.__libc_init_array
                0x0800ac78       0x48 /opt/st/stm32cubeide_2.2.0/plugins/com.st.stm32cube.ide.mcu.externaltools.gnu-tools-for-stm32.14.3.rel1.linux64_1.0.100.202602081740/tools/bin/../lib/gcc/arm-none-eabi/14.3.1/../../../../arm-none-eabi/lib/thumb/v7-m/nofp/libc_nano.a(libc_a-init.o)
                0x0800ac78                __libc_init_array
 .text.__retarget_lock_init_recursive
                0x0800acc0        0x2 /opt/st/stm32cubeide_2.2.0/plugins/com.st.stm32cube.ide.mcu.externaltools.gnu-tools-for-stm32.14.3.rel1.linux64_1.0.100.202602081740/tools/bin/../lib/gcc/arm-none-eabi/14.3.1/../../../../arm-none-eabi/lib/thumb/v7-m/nofp/libc_nano.a(libc_a-lock.o)
                0x0800acc0                __retarget_lock_init_recursive
 .text.__retarget_lock_acquire_recursive
                0x0800acc2        0x2 /opt/st/stm32cubeide_2.2.0/plugins/com.st.stm32cube.ide.mcu.externaltools.gnu-tools-for-stm32.14.3.rel1.linux64_1.0.100.202602081740/tools/bin/../lib/gcc/arm-none-eabi/14.3.1/../../../../arm-none-eabi/lib/thumb/v7-m/nofp/libc_nano.a(libc_a-lock.o)
                0x0800acc2                __retarget_lock_acquire_recursive
 .text.__retarget_lock_release_recursive
                0x0800acc4        0x2 /opt/st/stm32cubeide_2.2.0/plugins/com.st.stm32cube.ide.mcu.externaltools.gnu-tools-for-stm32.14.3.rel1.linux64_1.0.100.202602081740/tools/bin/../lib/gcc/arm-none-eabi/14.3.1/../../../../arm-none-eabi/lib/thumb/v7-m/nofp/libc_nano.a(libc_a-lock.o)
                0x0800acc4                __retarget_lock_release_recursive
 .text.memchr   0x0800acc6       0x1c /opt/st/stm32cubeide_2.2.0/plugins/com.st.stm32cube.ide.mcu.externaltools.gnu-tools-for-stm32.14.3.rel1.linux64_1.0.100.202602081740/tools/bin/../lib/gcc/arm-none-eabi/14.3.1/../../../../arm-none-eabi/lib/thumb/v7-m/nofp/libc_nano.a(libc_a-memchr-stub.o)
                0x0800acc6                memchr
 .text.quorem   0x0800ace2      0x110 /opt/st/stm32cubeide_2.2.0/plugins/com.st.stm32cube.ide.mcu.externaltools.gnu-tools-for-stm32.14.3.rel1.linux64_1.0.100.202602081740/tools/bin/../lib/gcc/arm-none-eabi/14.3.1/../../../../arm-none-eabi/lib/thumb/v7-m/nofp/libc_nano.a(libc_a-dtoa.o)
 *fill*         0x0800adf2        0x6 
 .text._dtoa_r  0x0800adf8      0xbcc /opt/st/stm32cubeide_2.2.0/plugins/com.st.stm32cube.ide.mcu.externaltools.gnu-tools-for-stm32.14.3.rel1.linux64_1.0.100.202602081740/tools/bin/../lib/gcc/arm-none-eabi/14.3.1/../../../../arm-none-eabi/lib/thumb/v7-m/nofp/libc_nano.a(libc_a-dtoa.o)
                0x0800adf8                _dtoa_r
 .text._free_r  0x0800b9c4       0x90 /opt/st/stm32cubeide_2.2.0/plugins/com.st.stm32cube.ide.mcu.externaltools.gnu-tools-for-stm32.14.3.rel1.linux64_1.0.100.202602081740/tools/bin/../lib/gcc/arm-none-eabi/14.3.1/../../../../arm-none-eabi/lib/thumb/v7-m/nofp/libc_nano.a(libc_a-freer.o)
                0x0800b9c4                _free_r
 .text.malloc   0x0800ba54       0x10 /opt/st/stm32cubeide_2.2.0/plugins/com.st.stm32cube.ide.mcu.externaltools.gnu-tools-for-stm32.14.3.rel1.linux64_1.0.100.202602081740/tools/bin/../lib/gcc/arm-none-eabi/14.3.1/../../../../arm-none-eabi/lib/thumb/v7-m/nofp/libc_nano.a(libc_a-malloc.o)
                0x0800ba54                malloc
 .text.sbrk_aligned
                0x0800ba64       0x44 /opt/st/stm32cubeide_2.2.0/plugins/com.st.stm32cube.ide.mcu.externaltools.gnu-tools-for-stm32.14.3.rel1.linux64_1.0.100.202602081740/tools/bin/../lib/gcc/arm-none-eabi/14.3.1/../../../../arm-none-eabi/lib/thumb/v7-m/nofp/libc_nano.a(libc_a-mallocr.o)
 .text._malloc_r
                0x0800baa8      0x100 /opt/st/stm32cubeide_2.2.0/plugins/com.st.stm32cube.ide.mcu.externaltools.gnu-tools-for-stm32.14.3.rel1.linux64_1.0.100.202602081740/tools/bin/../lib/gcc/arm-none-eabi/14.3.1/../../../../arm-none-eabi/lib/thumb/v7-m/nofp/libc_nano.a(libc_a-mallocr.o)
                0x0800baa8                _malloc_r
 .text.__malloc_lock
                0x0800bba8        0xc /opt/st/stm32cubeide_2.2.0/plugins/com.st.stm32cube.ide.mcu.externaltools.gnu-tools-for-stm32.14.3.rel1.linux64_1.0.100.202602081740/tools/bin/../lib/gcc/arm-none-eabi/14.3.1/../../../../arm-none-eabi/lib/thumb/v7-m/nofp/libc_nano.a(libc_a-mlock.o)
                0x0800bba8                __malloc_lock
 .text.__malloc_unlock
                0x0800bbb4        0xc /opt/st/stm32cubeide_2.2.0/plugins/com.st.stm32cube.ide.mcu.externaltools.gnu-tools-for-stm32.14.3.rel1.linux64_1.0.100.202602081740/tools/bin/../lib/gcc/arm-none-eabi/14.3.1/../../../../arm-none-eabi/lib/thumb/v7-m/nofp/libc_nano.a(libc_a-mlock.o)
                0x0800bbb4                __malloc_unlock
 .text._Balloc  0x0800bbc0       0x7c /opt/st/stm32cubeide_2.2.0/plugins/com.st.stm32cube.ide.mcu.externaltools.gnu-tools-for-stm32.14.3.rel1.linux64_1.0.100.202602081740/tools/bin/../lib/gcc/arm-none-eabi/14.3.1/../../../../arm-none-eabi/lib/thumb/v7-m/nofp/libc_nano.a(libc_a-mprec.o)
                0x0800bbc0                _Balloc
 .text._Bfree   0x0800bc3c       0x44 /opt/st/stm32cubeide_2.2.0/plugins/com.st.stm32cube.ide.mcu.externaltools.gnu-tools-for-stm32.14.3.rel1.linux64_1.0.100.202602081740/tools/bin/../lib/gcc/arm-none-eabi/14.3.1/../../../../arm-none-eabi/lib/thumb/v7-m/nofp/libc_nano.a(libc_a-mprec.o)
                0x0800bc3c                _Bfree
 .text.__multadd
                0x0800bc80       0x8c /opt/st/stm32cubeide_2.2.0/plugins/com.st.stm32cube.ide.mcu.externaltools.gnu-tools-for-stm32.14.3.rel1.linux64_1.0.100.202602081740/tools/bin/../lib/gcc/arm-none-eabi/14.3.1/../../../../arm-none-eabi/lib/thumb/v7-m/nofp/libc_nano.a(libc_a-mprec.o)
                0x0800bc80                __multadd
 .text.__hi0bits
                0x0800bd0c       0x3e /opt/st/stm32cubeide_2.2.0/plugins/com.st.stm32cube.ide.mcu.externaltools.gnu-tools-for-stm32.14.3.rel1.linux64_1.0.100.202602081740/tools/bin/../lib/gcc/arm-none-eabi/14.3.1/../../../../arm-none-eabi/lib/thumb/v7-m/nofp/libc_nano.a(libc_a-mprec.o)
                0x0800bd0c                __hi0bits
 .text.__lo0bits
                0x0800bd4a       0x5a /opt/st/stm32cubeide_2.2.0/plugins/com.st.stm32cube.ide.mcu.externaltools.gnu-tools-for-stm32.14.3.rel1.linux64_1.0.100.202602081740/tools/bin/../lib/gcc/arm-none-eabi/14.3.1/../../../../arm-none-eabi/lib/thumb/v7-m/nofp/libc_nano.a(libc_a-mprec.o)
                0x0800bd4a                __lo0bits
 .text.__i2b    0x0800bda4       0x2c /opt/st/stm32cubeide_2.2.0/plugins/com.st.stm32cube.ide.mcu.externaltools.gnu-tools-for-stm32.14.3.rel1.linux64_1.0.100.202602081740/tools/bin/../lib/gcc/arm-none-eabi/14.3.1/../../../../arm-none-eabi/lib/thumb/v7-m/nofp/libc_nano.a(libc_a-mprec.o)
                0x0800bda4                __i2b
 .text.__multiply
                0x0800bdd0      0x150 /opt/st/stm32cubeide_2.2.0/plugins/com.st.stm32cube.ide.mcu.externaltools.gnu-tools-for-stm32.14.3.rel1.linux64_1.0.100.202602081740/tools/bin/../lib/gcc/arm-none-eabi/14.3.1/../../../../arm-none-eabi/lib/thumb/v7-m/nofp/libc_nano.a(libc_a-mprec.o)
                0x0800bdd0                __multiply
 .text.__pow5mult
                0x0800bf20       0xb8 /opt/st/stm32cubeide_2.2.0/plugins/com.st.stm32cube.ide.mcu.externaltools.gnu-tools-for-stm32.14.3.rel1.linux64_1.0.100.202602081740/tools/bin/../lib/gcc/arm-none-eabi/14.3.1/../../../../arm-none-eabi/lib/thumb/v7-m/nofp/libc_nano.a(libc_a-mprec.o)
                0x0800bf20                __pow5mult
 .text.__lshift
                0x0800bfd8       0xd8 /opt/st/stm32cubeide_2.2.0/plugins/com.st.stm32cube.ide.mcu.externaltools.gnu-tools-for-stm32.14.3.rel1.linux64_1.0.100.202602081740/tools/bin/../lib/gcc/arm-none-eabi/14.3.1/../../../../arm-none-eabi/lib/thumb/v7-m/nofp/libc_nano.a(libc_a-mprec.o)
                0x0800bfd8                __lshift
 .text.__mcmp   0x0800c0b0       0x36 /opt/st/stm32cubeide_2.2.0/plugins/com.st.stm32cube.ide.mcu.externaltools.gnu-tools-for-stm32.14.3.rel1.linux64_1.0.100.202602081740/tools/bin/../lib/gcc/arm-none-eabi/14.3.1/../../../../arm-none-eabi/lib/thumb/v7-m/nofp/libc_nano.a(libc_a-mprec.o)
                0x0800c0b0                __mcmp
 *fill*         0x0800c0e6        0x2 
 .text.__mdiff  0x0800c0e8      0x130 /opt/st/stm32cubeide_2.2.0/plugins/com.st.stm32cube.ide.mcu.externaltools.gnu-tools-for-stm32.14.3.rel1.linux64_1.0.100.202602081740/tools/bin/../lib/gcc/arm-none-eabi/14.3.1/../../../../arm-none-eabi/lib/thumb/v7-m/nofp/libc_nano.a(libc_a-mprec.o)
                0x0800c0e8                __mdiff
 .text.__d2b    0x0800c218       0xb0 /opt/st/stm32cubeide_2.2.0/plugins/com.st.stm32cube.ide.mcu.externaltools.gnu-tools-for-stm32.14.3.rel1.linux64_1.0.100.202602081740/tools/bin/../lib/gcc/arm-none-eabi/14.3.1/../../../../arm-none-eabi/lib/thumb/v7-m/nofp/libc_nano.a(libc_a-mprec.o)
                0x0800c218                __d2b
 .text.__ssputs_r
                0x0800c2c8       0xc0 /opt/st/stm32cubeide_2.2.0/plugins/com.st.stm32cube.ide.mcu.externaltools.gnu-tools-for-stm32.14.3.rel1.linux64_1.0.100.202602081740/tools/bin/../lib/gcc/arm-none-eabi/14.3.1/../../../../arm-none-eabi/lib/thumb/v7-m/nofp/libc_nano.a(libc_a-nano-svfprintf.o)
                0x0800c2c8                __ssputs_r
 .text._svfprintf_r
                0x0800c388      0x1f0 /opt/st/stm32cubeide_2.2.0/plugins/com.st.stm32cube.ide.mcu.externaltools.gnu-tools-for-stm32.14.3.rel1.linux64_1.0.100.202602081740/tools/bin/../lib/gcc/arm-none-eabi/14.3.1/../../../../arm-none-eabi/lib/thumb/v7-m/nofp/libc_nano.a(libc_a-nano-svfprintf.o)
                0x0800c388                _svfprintf_r
                0x0800c388                _svfiprintf_r
 .text.__sfputc_r
                0x0800c578       0x2a /opt/st/stm32cubeide_2.2.0/plugins/com.st.stm32cube.ide.mcu.externaltools.gnu-tools-for-stm32.14.3.rel1.linux64_1.0.100.202602081740/tools/bin/../lib/gcc/arm-none-eabi/14.3.1/../../../../arm-none-eabi/lib/thumb/v7-m/nofp/libc_nano.a(libc_a-nano-vfprintf.o)
 .text.__sfputs_r
                0x0800c5a2       0x24 /opt/st/stm32cubeide_2.2.0/plugins/com.st.stm32cube.ide.mcu.externaltools.gnu-tools-for-stm32.14.3.rel1.linux64_1.0.100.202602081740/tools/bin/../lib/gcc/arm-none-eabi/14.3.1/../../../../arm-none-eabi/lib/thumb/v7-m/nofp/libc_nano.a(libc_a-nano-vfprintf.o)
                0x0800c5a2                __sfputs_r
 *fill*         0x0800c5c6        0x2 
 .text._vfprintf_r
                0x0800c5c8      0x228 /opt/st/stm32cubeide_2.2.0/plugins/com.st.stm32cube.ide.mcu.externaltools.gnu-tools-for-stm32.14.3.rel1.linux64_1.0.100.202602081740/tools/bin/../lib/gcc/arm-none-eabi/14.3.1/../../../../arm-none-eabi/lib/thumb/v7-m/nofp/libc_nano.a(libc_a-nano-vfprintf.o)
                0x0800c5c8                _vfiprintf_r
                0x0800c5c8                _vfprintf_r
 .text.__sflush_r
                0x0800c7f0       0xfc /opt/st/stm32cubeide_2.2.0/plugins/com.st.stm32cube.ide.mcu.externaltools.gnu-tools-for-stm32.14.3.rel1.linux64_1.0.100.202602081740/tools/bin/../lib/gcc/arm-none-eabi/14.3.1/../../../../arm-none-eabi/lib/thumb/v7-m/nofp/libc_nano.a(libc_a-fflush.o)
                0x0800c7f0                __sflush_r
 .text._fflush_r
                0x0800c8ec       0x50 /opt/st/stm32cubeide_2.2.0/plugins/com.st.stm32cube.ide.mcu.externaltools.gnu-tools-for-stm32.14.3.rel1.linux64_1.0.100.202602081740/tools/bin/../lib/gcc/arm-none-eabi/14.3.1/../../../../arm-none-eabi/lib/thumb/v7-m/nofp/libc_nano.a(libc_a-fflush.o)
                0x0800c8ec                _fflush_r
 .text.__swhatbuf_r
                0x0800c93c       0x48 /opt/st/stm32cubeide_2.2.0/plugins/com.st.stm32cube.ide.mcu.externaltools.gnu-tools-for-stm32.14.3.rel1.linux64_1.0.100.202602081740/tools/bin/../lib/gcc/arm-none-eabi/14.3.1/../../../../arm-none-eabi/lib/thumb/v7-m/nofp/libc_nano.a(libc_a-makebuf.o)
                0x0800c93c                __swhatbuf_r
 .text.__smakebuf_r
                0x0800c984       0x72 /opt/st/stm32cubeide_2.2.0/plugins/com.st.stm32cube.ide.mcu.externaltools.gnu-tools-for-stm32.14.3.rel1.linux64_1.0.100.202602081740/tools/bin/../lib/gcc/arm-none-eabi/14.3.1/../../../../arm-none-eabi/lib/thumb/v7-m/nofp/libc_nano.a(libc_a-makebuf.o)
                0x0800c984                __smakebuf_r
 .text.memmove  0x0800c9f6       0x32 /opt/st/stm32cubeide_2.2.0/plugins/com.st.stm32cube.ide.mcu.externaltools.gnu-tools-for-stm32.14.3.rel1.linux64_1.0.100.202602081740/tools/bin/../lib/gcc/arm-none-eabi/14.3.1/../../../../arm-none-eabi/lib/thumb/v7-m/nofp/libc_nano.a(libc_a-memmove.o)
                0x0800c9f6                memmove
 .text._fstat_r
                0x0800ca28       0x24 /opt/st/stm32cubeide_2.2.0/plugins/com.st.stm32cube.ide.mcu.externaltools.gnu-tools-for-stm32.14.3.rel1.linux64_1.0.100.202602081740/tools/bin/../lib/gcc/arm-none-eabi/14.3.1/../../../../arm-none-eabi/lib/thumb/v7-m/nofp/libc_nano.a(libc_a-fstatr.o)
                0x0800ca28                _fstat_r
 .text._isatty_r
                0x0800ca4c       0x20 /opt/st/stm32cubeide_2.2.0/plugins/com.st.stm32cube.ide.mcu.externaltools.gnu-tools-for-stm32.14.3.rel1.linux64_1.0.100.202602081740/tools/bin/../lib/gcc/arm-none-eabi/14.3.1/../../../../arm-none-eabi/lib/thumb/v7-m/nofp/libc_nano.a(libc_a-isattyr.o)
                0x0800ca4c                _isatty_r
 .text._sbrk_r  0x0800ca6c       0x20 /opt/st/stm32cubeide_2.2.0/plugins/com.st.stm32cube.ide.mcu.externaltools.gnu-tools-for-stm32.14.3.rel1.linux64_1.0.100.202602081740/tools/bin/../lib/gcc/arm-none-eabi/14.3.1/../../../../arm-none-eabi/lib/thumb/v7-m/nofp/libc_nano.a(libc_a-sbrkr.o)
                0x0800ca6c                _sbrk_r
 .text.memcpy   0x0800ca8c       0x1c /opt/st/stm32cubeide_2.2.0/plugins/com.st.stm32cube.ide.mcu.externaltools.gnu-tools-for-stm32.14.3.rel1.linux64_1.0.100.202602081740/tools/bin/../lib/gcc/arm-none-eabi/14.3.1/../../../../arm-none-eabi/lib/thumb/v7-m/nofp/libc_nano.a(libc_a-memcpy-stub.o)
                0x0800ca8c                memcpy
 .text.__assert_func
                0x0800caa8       0x3c /opt/st/stm32cubeide_2.2.0/plugins/com.st.stm32cube.ide.mcu.externaltools.gnu-tools-for-stm32.14.3.rel1.linux64_1.0.100.202602081740/tools/bin/../lib/gcc/arm-none-eabi/14.3.1/../../../../arm-none-eabi/lib/thumb/v7-m/nofp/libc_nano.a(libc_a-assert.o)
                0x0800caa8                __assert_func
 .text._calloc_r
                0x0800cae4       0x28 /opt/st/stm32cubeide_2.2.0/plugins/com.st.stm32cube.ide.mcu.externaltools.gnu-tools-for-stm32.14.3.rel1.linux64_1.0.100.202602081740/tools/bin/../lib/gcc/arm-none-eabi/14.3.1/../../../../arm-none-eabi/lib/thumb/v7-m/nofp/libc_nano.a(libc_a-callocr.o)
                0x0800cae4                _calloc_r
 .text.__ascii_mbtowc
                0x0800cb0c       0x24 /opt/st/stm32cubeide_2.2.0/plugins/com.st.stm32cube.ide.mcu.externaltools.gnu-tools-for-stm32.14.3.rel1.linux64_1.0.100.202602081740/tools/bin/../lib/gcc/arm-none-eabi/14.3.1/../../../../arm-none-eabi/lib/thumb/v7-m/nofp/libc_nano.a(libc_a-mbtowc_r.o)
                0x0800cb0c                __ascii_mbtowc
 .text._realloc_r
                0x0800cb30       0x5c /opt/st/stm32cubeide_2.2.0/plugins/com.st.stm32cube.ide.mcu.externaltools.gnu-tools-for-stm32.14.3.rel1.linux64_1.0.100.202602081740/tools/bin/../lib/gcc/arm-none-eabi/14.3.1/../../../../arm-none-eabi/lib/thumb/v7-m/nofp/libc_nano.a(libc_a-reallocr.o)
                0x0800cb30                _realloc_r
 .text.__ascii_wctomb
                0x0800cb8c       0x1a /opt/st/stm32cubeide_2.2.0/plugins/com.st.stm32cube.ide.mcu.externaltools.gnu-tools-for-stm32.14.3.rel1.linux64_1.0.100.202602081740/tools/bin/../lib/gcc/arm-none-eabi/14.3.1/../../../../arm-none-eabi/lib/thumb/v7-m/nofp/libc_nano.a(libc_a-wctomb_r.o)
                0x0800cb8c                __ascii_wctomb
 *fill*         0x0800cba6        0x2 
 .text.fprintf  0x0800cba8       0x24 /opt/st/stm32cubeide_2.2.0/plugins/com.st.stm32cube.ide.mcu.externaltools.gnu-tools-for-stm32.14.3.rel1.linux64_1.0.100.202602081740/tools/bin/../lib/gcc/arm-none-eabi/14.3.1/../../../../arm-none-eabi/lib/thumb/v7-m/nofp/libc_nano.a(libc_a-fprintf.o)
                0x0800cba8                fprintf
                0x0800cba8                fiprintf
 .text.abort    0x0800cbcc        0xe /opt/st/stm32cubeide_2.2.0/plugins/com.st.stm32cube.ide.mcu.externaltools.gnu-tools-for-stm32.14.3.rel1.linux64_1.0.100.202602081740/tools/bin/../lib/gcc/arm-none-eabi/14.3.1/../../../../arm-none-eabi/lib/thumb/v7-m/nofp/libc_nano.a(libc_a-abort.o)
                0x0800cbcc                abort
 .text._malloc_usable_size_r
                0x0800cbda       0x10 /opt/st/stm32cubeide_2.2.0/plugins/com.st.stm32cube.ide.mcu.externaltools.gnu-tools-for-stm32.14.3.rel1.linux64_1.0.100.202602081740/tools/bin/../lib/gcc/arm-none-eabi/14.3.1/../../../../arm-none-eabi/lib/thumb/v7-m/nofp/libc_nano.a(libc_a-msizer.o)
                0x0800cbda                _malloc_usable_size_r
 .text._raise_r
                0x0800cbea       0x50 /opt/st/stm32cubeide_2.2.0/plugins/com.st.stm32cube.ide.mcu.externaltools.gnu-tools-for-stm32.14.3.rel1.linux64_1.0.100.202602081740/tools/bin/../lib/gcc/arm-none-eabi/14.3.1/../../../../arm-none-eabi/lib/thumb/v7-m/nofp/libc_nano.a(libc_a-signal.o)
                0x0800cbea                _raise_r
 *fill*         0x0800cc3a        0x2 
 .text.raise    0x0800cc3c       0x10 /opt/st/stm32cubeide_2.2.0/plugins/com.st.stm32cube.ide.mcu.externaltools.gnu-tools-for-stm32.14.3.rel1.linux64_1.0.100.202602081740/tools/bin/../lib/gcc/arm-none-eabi/14.3.1/../../../../arm-none-eabi/lib/thumb/v7-m/nofp/libc_nano.a(libc_a-signal.o)
                0x0800cc3c                raise
 .text._kill_r  0x0800cc4c       0x24 /opt/st/stm32cubeide_2.2.0/plugins/com.st.stm32cube.ide.mcu.externaltools.gnu-tools-for-stm32.14.3.rel1.linux64_1.0.100.202602081740/tools/bin/../lib/gcc/arm-none-eabi/14.3.1/../../../../arm-none-eabi/lib/thumb/v7-m/nofp/libc_nano.a(libc_a-signalr.o)
                0x0800cc4c                _kill_r
 .text._getpid_r
                0x0800cc70        0x4 /opt/st/stm32cubeide_2.2.0/plugins/com.st.stm32cube.ide.mcu.externaltools.gnu-tools-for-stm32.14.3.rel1.linux64_1.0.100.202602081740/tools/bin/../lib/gcc/arm-none-eabi/14.3.1/../../../../arm-none-eabi/lib/thumb/v7-m/nofp/libc_nano.a(libc_a-signalr.o)
                0x0800cc70                _getpid_r
 .text.asin     0x0800cc74       0x50 /opt/st/stm32cubeide_2.2.0/plugins/com.st.stm32cube.ide.mcu.externaltools.gnu-tools-for-stm32.14.3.rel1.linux64_1.0.100.202602081740/tools/bin/../lib/gcc/arm-none-eabi/14.3.1/../../../../arm-none-eabi/lib/thumb/v7-m/nofp/libm.a(libm_a-w_asin.o)
                0x0800cc74                asin
 .text.atan2    0x0800ccc4        0x4 /opt/st/stm32cubeide_2.2.0/plugins/com.st.stm32cube.ide.mcu.externaltools.gnu-tools-for-stm32.14.3.rel1.linux64_1.0.100.202602081740/tools/bin/../lib/gcc/arm-none-eabi/14.3.1/../../../../arm-none-eabi/lib/thumb/v7-m/nofp/libm.a(libm_a-w_atan2.o)
                0x0800ccc4                atan2
 .text.fabs     0x0800ccc8        0x8 /opt/st/stm32cubeide_2.2.0/plugins/com.st.stm32cube.ide.mcu.externaltools.gnu-tools-for-stm32.14.3.rel1.linux64_1.0.100.202602081740/tools/bin/../lib/gcc/arm-none-eabi/14.3.1/../../../../arm-none-eabi/lib/thumb/v7-m/nofp/libm.a(libm_a-s_fabs.o)
                0x0800ccc8                fabs
 .text.tanhf    0x0800ccd0       0xe0 /opt/st/stm32cubeide_2.2.0/plugins/com.st.stm32cube.ide.mcu.externaltools.gnu-tools-for-stm32.14.3.rel1.linux64_1.0.100.202602081740/tools/bin/../lib/gcc/arm-none-eabi/14.3.1/../../../../arm-none-eabi/lib/thumb/v7-m/nofp/libm.a(libm_a-sf_tanh.o)
                0x0800ccd0                tanhf
 .text.nan      0x0800cdb0        0xc /opt/st/stm32cubeide_2.2.0/plugins/com.st.stm32cube.ide.mcu.externaltools.gnu-tools-for-stm32.14.3.rel1.linux64_1.0.100.202602081740/tools/bin/../lib/gcc/arm-none-eabi/14.3.1/../../../../arm-none-eabi/lib/thumb/v7-m/nofp/libm.a(libm_a-s_nan.o)
                0x0800cdb0                nan
 .text.expm1f   0x0800cdbc      0x300 /opt/st/stm32cubeide_2.2.0/plugins/com.st.stm32cube.ide.mcu.externaltools.gnu-tools-for-stm32.14.3.rel1.linux64_1.0.100.202602081740/tools/bin/../lib/gcc/arm-none-eabi/14.3.1/../../../../arm-none-eabi/lib/thumb/v7-m/nofp/libm.a(libm_a-sf_expm1.o)
                0x0800cdbc                expm1f
 .text.with_errnof
                0x0800d0bc       0x14 /opt/st/stm32cubeide_2.2.0/plugins/com.st.stm32cube.ide.mcu.externaltools.gnu-tools-for-stm32.14.3.rel1.linux64_1.0.100.202602081740/tools/bin/../lib/gcc/arm-none-eabi/14.3.1/../../../../arm-none-eabi/lib/thumb/v7-m/nofp/libm.a(libm_a-math_errf.o)
 .text.xflowf   0x0800d0d0       0x28 /opt/st/stm32cubeide_2.2.0/plugins/com.st.stm32cube.ide.mcu.externaltools.gnu-tools-for-stm32.14.3.rel1.linux64_1.0.100.202602081740/tools/bin/../lib/gcc/arm-none-eabi/14.3.1/../../../../arm-none-eabi/lib/thumb/v7-m/nofp/libm.a(libm_a-math_errf.o)
 .text.__math_oflowf
                0x0800d0f8        0x8 /opt/st/stm32cubeide_2.2.0/plugins/com.st.stm32cube.ide.mcu.externaltools.gnu-tools-for-stm32.14.3.rel1.linux64_1.0.100.202602081740/tools/bin/../lib/gcc/arm-none-eabi/14.3.1/../../../../arm-none-eabi/lib/thumb/v7-m/nofp/libm.a(libm_a-math_errf.o)
                0x0800d0f8                __math_oflowf
 .text.__ieee754_asin
                0x0800d100      0x444 /opt/st/stm32cubeide_2.2.0/plugins/com.st.stm32cube.ide.mcu.externaltools.gnu-tools-for-stm32.14.3.rel1.linux64_1.0.100.202602081740/tools/bin/../lib/gcc/arm-none-eabi/14.3.1/../../../../arm-none-eabi/lib/thumb/v7-m/nofp/libm.a(libm_a-e_asin.o)
                0x0800d100                __ieee754_asin
 *fill*         0x0800d544        0x4 
 .text.__ieee754_atan2
                0x0800d548      0x194 /opt/st/stm32cubeide_2.2.0/plugins/com.st.stm32cube.ide.mcu.externaltools.gnu-tools-for-stm32.14.3.rel1.linux64_1.0.100.202602081740/tools/bin/../lib/gcc/arm-none-eabi/14.3.1/../../../../arm-none-eabi/lib/thumb/v7-m/nofp/libm.a(libm_a-e_atan2.o)
                0x0800d548                __ieee754_atan2
 *fill*         0x0800d6dc        0x4 
 .text.atan     0x0800d6e0      0x338 /opt/st/stm32cubeide_2.2.0/plugins/com.st.stm32cube.ide.mcu.externaltools.gnu-tools-for-stm32.14.3.rel1.linux64_1.0.100.202602081740/tools/bin/../lib/gcc/arm-none-eabi/14.3.1/../../../../arm-none-eabi/lib/thumb/v7-m/nofp/libm.a(libm_a-s_atan.o)
                0x0800d6e0                atan
 .text.fabsf    0x0800da18        0x8 /opt/st/stm32cubeide_2.2.0/plugins/com.st.stm32cube.ide.mcu.externaltools.gnu-tools-for-stm32.14.3.rel1.linux64_1.0.100.202602081740/tools/bin/../lib/gcc/arm-none-eabi/14.3.1/../../../../arm-none-eabi/lib/thumb/v7-m/nofp/libm.a(libm_a-sf_fabs.o)
                0x0800da18                fabsf
 .text.__ieee754_sqrt
                0x0800da20      0x1dc /opt/st/stm32cubeide_2.2.0/plugins/com.st.stm32cube.ide.mcu.externaltools.gnu-tools-for-stm32.14.3.rel1.linux64_1.0.100.202602081740/tools/bin/../lib/gcc/arm-none-eabi/14.3.1/../../../../arm-none-eabi/lib/thumb/v7-m/nofp/libm.a(libm_a-e_sqrt.o)
                0x0800da20                __ieee754_sqrt
 *(.glue_7)
 .glue_7        0x0800dbfc        0x0 linker stubs
 *(.glue_7t)
 .glue_7t       0x0800dbfc        0x0 linker stubs
 *(.eh_frame)
 .eh_frame      0x0800dbfc        0x0 /opt/st/stm32cubeide_2.2.0/plugins/com.st.stm32cube.ide.mcu.externaltools.gnu-tools-for-stm32.14.3.rel1.linux64_1.0.100.202602081740/tools/bin/../lib/gcc/arm-none-eabi/14.3.1/thumb/v7-m/nofp/crtbegin.o
 *(.init)
 .init          0x0800dbfc        0x4 /opt/st/stm32cubeide_2.2.0/plugins/com.st.stm32cube.ide.mcu.externaltools.gnu-tools-for-stm32.14.3.rel1.linux64_1.0.100.202602081740/tools/bin/../lib/gcc/arm-none-eabi/14.3.1/thumb/v7-m/nofp/crti.o
                0x0800dbfc                _init
 .init          0x0800dc00        0x8 /opt/st/stm32cubeide_2.2.0/plugins/com.st.stm32cube.ide.mcu.externaltools.gnu-tools-for-stm32.14.3.rel1.linux64_1.0.100.202602081740/tools/bin/../lib/gcc/arm-none-eabi/14.3.1/thumb/v7-m/nofp/crtn.o
 *(.fini)
 .fini          0x0800dc08        0x4 /opt/st/stm32cubeide_2.2.0/plugins/com.st.stm32cube.ide.mcu.externaltools.gnu-tools-for-stm32.14.3.rel1.linux64_1.0.100.202602081740/tools/bin/../lib/gcc/arm-none-eabi/14.3.1/thumb/v7-m/nofp/crti.o
                0x0800dc08                _fini
 .fini          0x0800dc0c        0x8 /opt/st/stm32cubeide_2.2.0/plugins/com.st.stm32cube.ide.mcu.externaltools.gnu-tools-for-stm32.14.3.rel1.linux64_1.0.100.202602081740/tools/bin/../lib/gcc/arm-none-eabi/14.3.1/thumb/v7-m/nofp/crtn.o
                0x0800dc14                        . = ALIGN (0x4)
                0x0800dc14                        _etext = .

.vfp11_veneer   0x0800dc14        0x0
 .vfp11_veneer  0x0800dc14        0x0 linker stubs

.v4_bx          0x0800dc14        0x0
 .v4_bx         0x0800dc14        0x0 linker stubs

.iplt           0x0800dc14        0x0
 .iplt          0x0800dc14        0x0 /opt/st/stm32cubeide_2.2.0/plugins/com.st.stm32cube.ide.mcu.externaltools.gnu-tools-for-stm32.14.3.rel1.linux64_1.0.100.202602081740/tools/bin/../lib/gcc/arm-none-eabi/14.3.1/thumb/v7-m/nofp/crtbegin.o

.rodata         0x0800dc18     0x2e50
                0x0800dc18                        . = ALIGN (0x4)
 *(.rodata)
 .rodata        0x0800dc18       0x27 ./APP/KF/KF.o
 *fill*         0x0800dc3f        0x1 
 .rodata        0x0800dc40       0x96 ./BSP/MPU6050/DMP/inv_mpu.o
 *fill*         0x0800dcd6        0x2 
 .rodata        0x0800dcd8       0x4b ./BSP/MPU6050/DMP/inv_mpu_dmp_motion_driver.o
 *fill*         0x0800dd23        0x1 
 .rodata        0x0800dd24      0x133 ./BSP/MPU6050/mpu6050.o
 *fill*         0x0800de57        0x1 
 .rodata        0x0800de58       0x13 ./BSP/OLED/bsp_oled_i2c.o
 *fill*         0x0800de6b        0x1 
 .rodata        0x0800de6c       0x86 ./USER/main.o
 *(.rodata*)
 *fill*         0x0800def2        0x2 
 .rodata.I.0    0x0800def4       0x10 ./APP/KF/KF.o
 .rodata.I.1    0x0800df04       0x10 ./APP/KF/KF.o
 .rodata.hw     0x0800df14        0xc ./BSP/MPU6050/DMP/inv_mpu.o
                0x0800df14                hw
 .rodata.reg    0x0800df20       0x1b ./BSP/MPU6050/DMP/inv_mpu.o
                0x0800df20                reg
 *fill*         0x0800df3b        0x1 
 .rodata.test   0x0800df3c       0x28 ./BSP/MPU6050/DMP/inv_mpu.o
                0x0800df3c                test
 .rodata.dmp_memory
                0x0800df64      0xbf6 ./BSP/MPU6050/DMP/inv_mpu_dmp_motion_driver.o
 *fill*         0x0800eb5a        0x2 
 .rodata.Font7x10
                0x0800eb5c      0x76c ./BSP/OLED/oled_fonts.o
                0x0800eb5c                Font7x10
 .rodata.SAC_W1
                0x0800f2c8      0x200 ./Controllers/sac_controller.o
 .rodata.SAC_B1
                0x0800f4c8       0x80 ./Controllers/sac_controller.o
 .rodata.SAC_W2
                0x0800f548     0x1000 ./Controllers/sac_controller.o
 .rodata.SAC_B2
                0x08010548       0x80 ./Controllers/sac_controller.o
 .rodata.SAC_W3
                0x080105c8       0x80 ./Controllers/sac_controller.o
 .rodata.APBAHBPrescTable
                0x08010648       0x10 ./STM32F10x_StdPeriph_Driver/src/stm32f10x_rcc.o
 .rodata.ADCPrescTable
                0x08010658        0x4 ./STM32F10x_StdPeriph_Driver/src/stm32f10x_rcc.o
 .rodata._printf_float.str1.1
                0x0801065c      0x171 /opt/st/stm32cubeide_2.2.0/plugins/com.st.stm32cube.ide.mcu.externaltools.gnu-tools-for-stm32.14.3.rel1.linux64_1.0.100.202602081740/tools/bin/../lib/gcc/arm-none-eabi/14.3.1/../../../../arm-none-eabi/lib/thumb/v7-m/nofp/libc_nano.a(libc_a-nano-vfprintf_float.o)
                                 0x12 (size before relaxing)
 .rodata._printf_i.str1.1
                0x080107cd       0x22 /opt/st/stm32cubeide_2.2.0/plugins/com.st.stm32cube.ide.mcu.externaltools.gnu-tools-for-stm32.14.3.rel1.linux64_1.0.100.202602081740/tools/bin/../lib/gcc/arm-none-eabi/14.3.1/../../../../arm-none-eabi/lib/thumb/v7-m/nofp/libc_nano.a(libc_a-nano-vfprintf_i.o)
 .rodata._dtoa_r.str1.1
                0x080107cd       0x8f /opt/st/stm32cubeide_2.2.0/plugins/com.st.stm32cube.ide.mcu.externaltools.gnu-tools-for-stm32.14.3.rel1.linux64_1.0.100.202602081740/tools/bin/../lib/gcc/arm-none-eabi/14.3.1/../../../../arm-none-eabi/lib/thumb/v7-m/nofp/libc_nano.a(libc_a-dtoa.o)
 .rodata._Balloc.str1.1
                0x080107cd       0x70 /opt/st/stm32cubeide_2.2.0/plugins/com.st.stm32cube.ide.mcu.externaltools.gnu-tools-for-stm32.14.3.rel1.linux64_1.0.100.202602081740/tools/bin/../lib/gcc/arm-none-eabi/14.3.1/../../../../arm-none-eabi/lib/thumb/v7-m/nofp/libc_nano.a(libc_a-mprec.o)
 .rodata.__multadd.str1.1
                0x080107cd       0x11 /opt/st/stm32cubeide_2.2.0/plugins/com.st.stm32cube.ide.mcu.externaltools.gnu-tools-for-stm32.14.3.rel1.linux64_1.0.100.202602081740/tools/bin/../lib/gcc/arm-none-eabi/14.3.1/../../../../arm-none-eabi/lib/thumb/v7-m/nofp/libc_nano.a(libc_a-mprec.o)
 *fill*         0x080107cd        0x3 
 .rodata.p05.0  0x080107d0        0xc /opt/st/stm32cubeide_2.2.0/plugins/com.st.stm32cube.ide.mcu.externaltools.gnu-tools-for-stm32.14.3.rel1.linux64_1.0.100.202602081740/tools/bin/../lib/gcc/arm-none-eabi/14.3.1/../../../../arm-none-eabi/lib/thumb/v7-m/nofp/libc_nano.a(libc_a-mprec.o)
 *fill*         0x080107dc        0x4 
 .rodata.__mprec_bigtens
                0x080107e0       0x28 /opt/st/stm32cubeide_2.2.0/plugins/com.st.stm32cube.ide.mcu.externaltools.gnu-tools-for-stm32.14.3.rel1.linux64_1.0.100.202602081740/tools/bin/../lib/gcc/arm-none-eabi/14.3.1/../../../../arm-none-eabi/lib/thumb/v7-m/nofp/libc_nano.a(libc_a-mprec.o)
                0x080107e0                __mprec_bigtens
 .rodata.__mprec_tens
                0x08010808       0xc8 /opt/st/stm32cubeide_2.2.0/plugins/com.st.stm32cube.ide.mcu.externaltools.gnu-tools-for-stm32.14.3.rel1.linux64_1.0.100.202602081740/tools/bin/../lib/gcc/arm-none-eabi/14.3.1/../../../../arm-none-eabi/lib/thumb/v7-m/nofp/libc_nano.a(libc_a-mprec.o)
                0x08010808                __mprec_tens
 .rodata._svfprintf_r.str1.1
                0x080108d0       0x11 /opt/st/stm32cubeide_2.2.0/plugins/com.st.stm32cube.ide.mcu.externaltools.gnu-tools-for-stm32.14.3.rel1.linux64_1.0.100.202602081740/tools/bin/../lib/gcc/arm-none-eabi/14.3.1/../../../../arm-none-eabi/lib/thumb/v7-m/nofp/libc_nano.a(libc_a-nano-svfprintf.o)
 .rodata._vfprintf_r.str1.1
                0x080108d0       0x11 /opt/st/stm32cubeide_2.2.0/plugins/com.st.stm32cube.ide.mcu.externaltools.gnu-tools-for-stm32.14.3.rel1.linux64_1.0.100.202602081740/tools/bin/../lib/gcc/arm-none-eabi/14.3.1/../../../../arm-none-eabi/lib/thumb/v7-m/nofp/libc_nano.a(libc_a-nano-vfprintf.o)
 .rodata._setlocale_r.str1.1
                0x080108d0        0x9 /opt/st/stm32cubeide_2.2.0/plugins/com.st.stm32cube.ide.mcu.externaltools.gnu-tools-for-stm32.14.3.rel1.linux64_1.0.100.202602081740/tools/bin/../lib/gcc/arm-none-eabi/14.3.1/../../../../arm-none-eabi/lib/thumb/v7-m/nofp/libc_nano.a(libc_a-locale.o)
 .rodata.str1.1
                0x080108d0        0x2 /opt/st/stm32cubeide_2.2.0/plugins/com.st.stm32cube.ide.mcu.externaltools.gnu-tools-for-stm32.14.3.rel1.linux64_1.0.100.202602081740/tools/bin/../lib/gcc/arm-none-eabi/14.3.1/../../../../arm-none-eabi/lib/thumb/v7-m/nofp/libc_nano.a(libc_a-locale.o)
 .rodata.__assert_func.str1.1