../BSP/OLED/bsp_oled_i2c.c:18:13:Delay_For_Pin	24	static
../BSP/OLED/bsp_oled_i2c.c:28:6:OLED_I2C_Init	8	static
../BSP/OLED/bsp_oled_i2c.c:37:6:OLED_IIC_Init	4	static
../BSP/OLED/bsp_oled_i2c.c:50:5:OLED_IIC_Start	8	static
../BSP/OLED/bsp_oled_i2c.c:72:6:OLED_IIC_Stop	8	static
../BSP/OLED/bsp_oled_i2c.c:90:5:OLED_IIC_Wait_Ack	16	static
../BSP/OLED/bsp_oled_i2c.c:118:6:OLED_IIC_Ack	8	static
../BSP/OLED/bsp_oled_i2c.c:135:6:OLED_IIC_NAck	8	static
../BSP/OLED/bsp_oled_i2c.c:152:6:OLED_IIC_Send_Byte	24	static
../BSP/OLED/bsp_oled_i2c.c:176:5:OLED_i2cWrite	24	static
../BSP/OLED/bsp_oled_i2c.c:208:5:OLED_i2cRead	16	static
../BSP/OLED/bsp_oled_i2c.c:242:9:OLED_IIC_Read_Byte	24	static
../BSP/OLED/bsp_oled_i2c.c:269:15:OLED_I2C_ReadOneByte	24	static
../BSP/OLED/bsp_oled_i2c.c:297:9:OLED_OLED_IICreadBytes	32	static
../BSP/OLED/bsp_oled_i2c.c:328:9:OLED_OLED_IICwriteBytes	24	static
../BSP/OLED/bsp_oled_i2c.c:353:9:OLED_IICreadByte	16	static
../BSP/OLED/bsp_oled_i2c.c:365:15:OLED_IICwriteByte	16	static
../BSP/OLED/bsp_oled_i2c.c:376:9:OLED_OLED_IICwriteBits	32	static
../BSP/OLED/bsp_oled_i2c.c:401:9:OLED_IICwriteBit	32	static
